Archive member included to satisfy reference by file (symbol)

/usr/share/gcc-arm-none-eabi-10.3-2021.10/bin/../lib/gcc/arm-none-eabi/10.3.1/../../../../arm-none-eabi/lib/thumb/v7e-m+fp/hard/libc_nano.a(lib_a-errno.o)
                              build/sysmem.o (__errno)
/usr/share/gcc-arm-none-eabi-10.3-2021.10/bin/../lib/gcc/arm-none-eabi/10.3.1/../../../../arm-none-eabi/lib/thumb/v7e-m+fp/hard/libc_nano.a(lib_a-exit.o)
                              /usr/share/gcc-arm-none-eabi-10.3-2021.10/bin/../lib/gcc/arm-none-eabi/10.3.1/../../../../arm-none-eabi/lib/thumb/v7e-m+fp/hard/crt0.o (exit)
/usr/share/gcc-arm-none-eabi-10.3-2021.10/bin/../lib/gcc/arm-none-eabi/10.3.1/../../../../arm-none-eabi/lib/thumb/v7e-m+fp/hard/libc_nano.a(lib_a-impure.o)
                              /usr/share/gcc-arm-none-eabi-10.3-2021.10/bin/../lib/gcc/arm-none-eabi/10.3.1/../../../../arm-none-eabi/lib/thumb/v7e-m+fp/hard/libc_nano.a(lib_a-exit.o) (_global_impure_ptr)
/usr/share/gcc-arm-none-eabi-10.3-2021.10/bin/../lib/gcc/arm-none-eabi/10.3.1/../../../../arm-none-eabi/lib/thumb/v7e-m+fp/hard/libc_nano.a(lib_a-init.o)
                              /usr/share/gcc-arm-none-eabi-10.3-2021.10/bin/../lib/gcc/arm-none-eabi/10.3.1/../../../../arm-none-eabi/lib/thumb/v7e-m+fp/hard/crt0.o (__libc_init_array)
/usr/share/gcc-arm-none-eabi-10.3-2021.10/bin/../lib/gcc/arm-none-eabi/10.3.1/../../../../arm-none-eabi/lib/thumb/v7e-m+fp/hard/libc_nano.a(lib_a-memset.o)
                              /usr/share/gcc-arm-none-eabi-10.3-2021.10/bin/../lib/gcc/arm-none-eabi/10.3.1/../../../../arm-none-eabi/lib/thumb/v7e-m+fp/hard/crt0.o (memset)
/usr/share/gcc-arm-none-eabi-10.3-2021.10/bin/../lib/gcc/arm-none-eabi/10.3.1/../../../../arm-none-eabi/lib/thumb/v7e-m+fp/hard/libc_nano.a(lib_a-printf.o)
                              build/SCI.o (printf)
/usr/share/gcc-arm-none-eabi-10.3-2021.10/bin/../lib/gcc/arm-none-eabi/10.3.1/../../../../arm-none-eabi/lib/thumb/v7e-m+fp/hard/libc_nano.a(lib_a-setvbuf.o)
                              build/SCI.o (setvbuf)
/usr/share/gcc-arm-none-eabi-10.3-2021.10/bin/../lib/gcc/arm-none-eabi/10.3.1/../../../../arm-none-eabi/lib/thumb/v7e-m+fp/hard/libc_nano.a(lib_a-sprintf.o)
                              build/main.o (sprintf)
/usr/share/gcc-arm-none-eabi-10.3-2021.10/bin/../lib/gcc/arm-none-eabi/10.3.1/../../../../arm-none-eabi/lib/thumb/v7e-m+fp/hard/libc_nano.a(lib_a-fflush.o)
                              /usr/share/gcc-arm-none-eabi-10.3-2021.10/bin/../lib/gcc/arm-none-eabi/10.3.1/../../../../arm-none-eabi/lib/thumb/v7e-m+fp/hard/libc_nano.a(lib_a-setvbuf.o) (_fflush_r)
/usr/share/gcc-arm-none-eabi-10.3-2021.10/bin/../lib/gcc/arm-none-eabi/10.3.1/../../../../arm-none-eabi/lib/thumb/v7e-m+fp/hard/libc_nano.a(lib_a-findfp.o)
                              /usr/share/gcc-arm-none-eabi-10.3-2021.10/bin/../lib/gcc/arm-none-eabi/10.3.1/../../../../arm-none-eabi/lib/thumb/v7e-m+fp/hard/libc_nano.a(lib_a-printf.o) (__sinit)
/usr/share/gcc-arm-none-eabi-10.3-2021.10/bin/../lib/gcc/arm-none-eabi/10.3.1/../../../../arm-none-eabi/lib/thumb/v7e-m+fp/hard/libc_nano.a(lib_a-fwalk.o)
                              /usr/share/gcc-arm-none-eabi-10.3-2021.10/bin/../lib/gcc/arm-none-eabi/10.3.1/../../../../arm-none-eabi/lib/thumb/v7e-m+fp/hard/libc_nano.a(lib_a-findfp.o) (_fwalk)
/usr/share/gcc-arm-none-eabi-10.3-2021.10/bin/../lib/gcc/arm-none-eabi/10.3.1/../../../../arm-none-eabi/lib/thumb/v7e-m+fp/hard/libc_nano.a(lib_a-lock.o)
                              /usr/share/gcc-arm-none-eabi-10.3-2021.10/bin/../lib/gcc/arm-none-eabi/10.3.1/../../../../arm-none-eabi/lib/thumb/v7e-m+fp/hard/libc_nano.a(lib_a-findfp.o) (__retarget_lock_init_recursive)
/usr/share/gcc-arm-none-eabi-10.3-2021.10/bin/../lib/gcc/arm-none-eabi/10.3.1/../../../../arm-none-eabi/lib/thumb/v7e-m+fp/hard/libc_nano.a(lib_a-makebuf.o)
                              /usr/share/gcc-arm-none-eabi-10.3-2021.10/bin/../lib/gcc/arm-none-eabi/10.3.1/../../../../arm-none-eabi/lib/thumb/v7e-m+fp/hard/libc_nano.a(lib_a-setvbuf.o) (__swhatbuf_r)
/usr/share/gcc-arm-none-eabi-10.3-2021.10/bin/../lib/gcc/arm-none-eabi/10.3.1/../../../../arm-none-eabi/lib/thumb/v7e-m+fp/hard/libc_nano.a(lib_a-malloc.o)
                              /usr/share/gcc-arm-none-eabi-10.3-2021.10/bin/../lib/gcc/arm-none-eabi/10.3.1/../../../../arm-none-eabi/lib/thumb/v7e-m+fp/hard/libc_nano.a(lib_a-setvbuf.o) (malloc)
/usr/share/gcc-arm-none-eabi-10.3-2021.10/bin/../lib/gcc/arm-none-eabi/10.3.1/../../../../arm-none-eabi/lib/thumb/v7e-m+fp/hard/libc_nano.a(lib_a-nano-freer.o)
                              /usr/share/gcc-arm-none-eabi-10.3-2021.10/bin/../lib/gcc/arm-none-eabi/10.3.1/../../../../arm-none-eabi/lib/thumb/v7e-m+fp/hard/libc_nano.a(lib_a-setvbuf.o) (_free_r)
/usr/share/gcc-arm-none-eabi-10.3-2021.10/bin/../lib/gcc/arm-none-eabi/10.3.1/../../../../arm-none-eabi/lib/thumb/v7e-m+fp/hard/libc_nano.a(lib_a-nano-mallocr.o)
[...]
Memory Configuration

Name             Origin             Length             Attributes
RAM              0x0000000020000000 0x0000000000020000 xrw
FLASH            0x0000000008000000 0x0000000000080000 xr
*default*        0x0000000000000000 0xffffffffffffffff

Linker script and memory map

LOAD /usr/share/gcc-arm-none-eabi-10.3-2021.10/bin/../lib/gcc/arm-none-eabi/10.3.1/thumb/v7e-m+fp/hard/crti.o
LOAD /usr/share/gcc-arm-none-eabi-10.3-2021.10/bin/../lib/gcc/arm-none-eabi/10.3.1/thumb/v7e-m+fp/hard/crtbegin.o
LOAD /usr/share/gcc-arm-none-eabi-10.3-2021.10/bin/../lib/gcc/arm-none-eabi/10.3.1/../../../../arm-none-eabi/lib/thumb/v7e-m+fp/hard/crt0.o
LOAD build/main.o
LOAD build/gpio.o
LOAD build/adc.o
LOAD build/crc.o
LOAD build/dac.o
LOAD build/fdcan.o
LOAD build/fmc.o
LOAD build/i2c.o
LOAD build/quadspi.o
LOAD build/spi.o
LOAD build/tim.o
LOAD build/usart.o
LOAD build/tetromino.o
LOAD build/joystick.o
LOAD build/stm32g4xx_it.o
LOAD build/stm32g4xx_hal_msp.o
LOAD build/usb_device.o
LOAD build/usbd_desc.o
LOAD build/usbd_cdc_if.o
LOAD build/usbd_conf.o
LOAD build/buf.o
LOAD build/kbd.o
LOAD build/LED.o
LOAD build/SCI.o
LOAD build/lcd_demo.o
LOAD build/lcd_grafika.o
LOAD build/lcd_ili9341.o
LOAD build/lcd.o
LOAD build/ugui.o
LOAD build/stm32g4xx_hal_pcd.o
LOAD build/stm32g4xx_hal_pcd_ex.o
LOAD build/stm32g4xx_hal.o
LOAD build/stm32g4xx_hal_rcc.o
LOAD build/stm32g4xx_hal_rcc_ex.o
LOAD build/stm32g4xx_hal_flash.o
LOAD build/stm32g4xx_hal_flash_ex.o
LOAD build/stm32g4xx_hal_flash_ramfunc.o
LOAD build/stm32g4xx_hal_gpio.o
LOAD build/stm32g4xx_hal_exti.o
LOAD build/stm32g4xx_hal_dma.o
LOAD build/stm32g4xx_hal_dma_ex.o
LOAD build/stm32g4xx_hal_pwr.o
LOAD build/stm32g4xx_hal_pwr_ex.o
LOAD build/stm32g4xx_hal_cortex.o
LOAD build/stm32g4xx_hal_adc.o
LOAD build/stm32g4xx_hal_adc_ex.o
LOAD build/stm32g4xx_hal_crc.o
LOAD build/stm32g4xx_hal_crc_ex.o
LOAD build/stm32g4xx_hal_dac.o
LOAD build/stm32g4xx_hal_dac_ex.o
LOAD build/stm32g4xx_hal_fdcan.o
LOAD build/stm32g4xx_hal_sram.o
LOAD build/stm32g4xx_hal_i2c.o
LOAD build/stm32g4xx_hal_i2c_ex.o
LOAD build/stm32g4xx_hal_qspi.o
LOAD build/stm32g4xx_hal_spi.o
LOAD build/stm32g4xx_hal_spi_ex.o
LOAD build/stm32g4xx_hal_tim.o
LOAD build/stm32g4xx_hal_tim_ex.o
LOAD build/stm32g4xx_hal_uart.o
LOAD build/stm32g4xx_hal_uart_ex.o
LOAD build/stm32g4xx_ll_usb.o
LOAD build/stm32g4xx_ll_adc.o
LOAD build/stm32g4xx_ll_fmc.o
LOAD build/stm32g4xx_ll_tim.o
LOAD build/stm32g4xx_ll_dma.o
LOAD build/stm32g4xx_ll_usart.o
LOAD build/stm32g4xx_ll_rcc.o
LOAD build/stm32g4xx_ll_utils.o
LOAD build/stm32g4xx_ll_exti.o
LOAD build/stm32g4xx_ll_gpio.o
LOAD build/system_stm32g4xx.o
LOAD build/usbd_core.o
LOAD build/usbd_ctlreq.o
LOAD build/usbd_ioreq.o
LOAD build/usbd_cdc.o
LOAD build/sysmem.o
LOAD build/syscalls.o
LOAD build/dma.o
LOAD build/startup_stm32g474xx.o
LOAD /usr/share/gcc-arm-none-eabi-10.3-2021.10/bin/../lib/gcc/arm-none-eabi/10.3.1/../../../../arm-none-eabi/lib/thumb/v7e-m+fp/hard/libc_nano.a
LOAD /usr/share/gcc-arm-none-eabi-10.3-2021.10/bin/../lib/gcc/arm-none-eabi/10.3.1/../../../../arm-none-eabi/lib/thumb/v7e-m+fp/hard/libm.a
LOAD /usr/share/gcc-arm-none-eabi-10.3-2021.10/bin/../lib/gcc/arm-none-eabi/10.3.1/../../../../arm-none-eabi/lib/thumb/v7e-m+fp/hard/libnosys.a
START GROUP
LOAD /usr/share/gcc-arm-none-eabi-10.3-2021.10/bin/../lib/gcc/arm-none-eabi/10.3.1/thumb/v7e-m+fp/hard/libgcc.a
LOAD /usr/share/gcc-arm-none-eabi-10.3-2021.10/bin/../lib/gcc/arm-none-eabi/10.3.1/../../../../arm-none-eabi/lib/thumb/v7e-m+fp/hard/libc_nano.a
END GROUP
START GROUP
LOAD /usr/share/gcc-arm-none-eabi-10.3-2021.10/bin/../lib/gcc/arm-none-eabi/10.3.1/thumb/v7e-m+fp/hard/libgcc.a
LOAD /usr/share/gcc-arm-none-eabi-10.3-2021.10/bin/../lib/gcc/arm-none-eabi/10.3.1/../../../../arm-none-eabi/lib/thumb/v7e-m+fp/hard/libc_nano.a
END GROUP
LOAD /usr/share/gcc-arm-none-eabi-10.3-2021.10/bin/../lib/gcc/arm-none-eabi/10.3.1/thumb/v7e-m+fp/hard/crtend.o
LOAD /usr/share/gcc-arm-none-eabi-10.3-2021.10/bin/../lib/gcc/arm-none-eabi/10.3.1/thumb/v7e-m+fp/hard/crtn.o
                0x0000000020020000                _estack = (ORIGIN (RAM) + LENGTH (RAM))
                0x0000000000000200                _Min_Heap_Size = 0x200
                0x0000000000000400                _Min_Stack_Size = 0x400

.isr_vector     0x0000000008000000      0x1d8
                0x0000000008000000                . = ALIGN (0x4)
 *(.isr_vector)
 .isr_vector    0x0000000008000000      0x1d8 build/startup_stm32g474xx.o
                0x0000000008000000                g_pfnVectors
                0x00000000080001d8                . = ALIGN (0x4)

.text           0x00000000080001e0     0xb9a8
                0x00000000080001e0                . = ALIGN (0x4)
 *(.text)
 .text          0x00000000080001e0       0x40 /usr/share/gcc-arm-none-eabi-10.3-2021.10/bin/../lib/gcc/arm-none-eabi/10.3.1/thumb/v7e-m+fp/hard/crtbegin.o
 .text          0x0000000008000220       0xa0 /usr/share/gcc-arm-none-eabi-10.3-2021.10/bin/../lib/gcc/arm-none-eabi/10.3.1/../../../../arm-none-eabi/lib/thumb/v7e-m+fp/hard/libc_nano.a(lib_a-memchr.o)
                0x0000000008000220                memchr
 .text          0x00000000080002c0       0x30 /usr/share/gcc-arm-none-eabi-10.3-2021.10/bin/../lib/gcc/arm-none-eabi/10.3.1/thumb/v7e-m+fp/hard/libgcc.a(_aeabi_uldivmod.o)
                0x00000000080002c0                __aeabi_uldivmod
 .text          0x00000000080002f0      0x2d0 /usr/share/gcc-arm-none-eabi-10.3-2021.10/bin/../lib/gcc/arm-none-eabi/10.3.1/thumb/v7e-m+fp/hard/libgcc.a(_udivmoddi4.o)
                0x00000000080002f0                __udivmoddi4
 .text          0x00000000080005c0        0x4 /usr/share/gcc-arm-none-eabi-10.3-2021.10/bin/../lib/gcc/arm-none-eabi/10.3.1/thumb/v7e-m+fp/hard/libgcc.a(_dvmd_tls.o)
                0x00000000080005c0                __aeabi_ldiv0
                0x00000000080005c0                __aeabi_idiv0
 *(.text*)
 .text.UserPixelSetFunction
                0x00000000080005c4       0x1c build/main.o
                0x00000000080005c4                UserPixelSetFunction
 .text._HW_FillFrame_
                0x00000000080005e0       0x14 build/main.o
                0x00000000080005e0                _HW_FillFrame_
 .text.initFA   0x00000000080005f4       0x4c build/main.o
                0x00000000080005f4                initFA
 .text.initFR   0x0000000008000640       0x18 build/main.o
                0x0000000008000640                initFR
 .text.writeToFA
                0x0000000008000658       0x78 build/main.o
                0x0000000008000658                writeToFA
 .text.collisions
                0x00000000080006d0       0x70 build/main.o
                0x00000000080006d0                collisions
 .text.pseudoRandom
                0x0000000008000740       0x40 build/main.o
                0x0000000008000740                pseudoRandom
 .text.isButtonPressed
                0x0000000008000780       0x36 build/main.o
                0x0000000008000780                isButtonPressed
 *fill*         0x00000000080007b6        0x2 
 .text.handleButtons
                0x00000000080007b8       0x68 build/main.o
                0x00000000080007b8                handleButtons
 .text.handleJoystick
                0x0000000008000820       0x70 build/main.o
                0x0000000008000820                handleJoystick
 .text.DrawStartScreen
                0x0000000008000890       0x9c build/main.o
                0x0000000008000890                DrawStartScreen
 .text.DrawGameOverScreen
                0x000000000800092c       0x88 build/main.o
                0x000000000800092c                DrawGameOverScreen
 .text.toggle   0x00000000080009b4       0x10 build/main.o
                0x00000000080009b4                toggle
 .text.Error_Handler
                0x00000000080009c4        0x4 build/main.o
                0x00000000080009c4                Error_Handler
 .text.SystemClock_Config
                0x00000000080009c8       0x74 build/main.o
                0x00000000080009c8                SystemClock_Config
 .text.main     0x0000000008000a3c      0x2c4 build/main.o
                0x0000000008000a3c                main
 .text.MX_GPIO_Init
                0x0000000008000d00      0x44c build/gpio.o
                0x0000000008000d00                MX_GPIO_Init
 .text.MX_ADC1_Init
                0x000000000800114c       0xa0 build/adc.o
                0x000000000800114c                MX_ADC1_Init
 .text.MX_ADC2_Init
                0x00000000080011ec       0x88 build/adc.o
                0x00000000080011ec                MX_ADC2_Init
 .text.MX_ADC3_Init
                0x0000000008001274       0xa0 build/adc.o
                0x0000000008001274                MX_ADC3_Init
 .text.MX_ADC4_Init
                0x0000000008001314       0xac build/adc.o
                0x0000000008001314                MX_ADC4_Init
 .text.HAL_ADC_MspInit
                0x00000000080013c0      0x26c build/adc.o
                0x00000000080013c0                HAL_ADC_MspInit
 .text.MX_CRC_Init
                0x000000000800162c       0x2c build/crc.o
                0x000000000800162c                MX_CRC_Init
 .text.HAL_CRC_MspInit
                0x0000000008001658       0x2c build/crc.o
                0x0000000008001658                HAL_CRC_MspInit
 .text.MX_DAC1_Init
                0x0000000008001684       0x5c build/dac.o
                0x0000000008001684                MX_DAC1_Init
 .text.MX_DAC2_Init
                0x00000000080016e0       0x5c build/dac.o
                0x00000000080016e0                MX_DAC2_Init
 .text.HAL_DAC_MspInit
                0x000000000800173c       0xb4 build/dac.o
                0x000000000800173c                HAL_DAC_MspInit
 .text.MX_FDCAN2_Init
                0x00000000080017f0       0x48 build/fdcan.o
                0x00000000080017f0                MX_FDCAN2_Init
 .text.HAL_FDCAN_MspInit
                0x0000000008001838       0x90 build/fdcan.o
                0x0000000008001838                HAL_FDCAN_MspInit
 .text.HAL_FMC_MspInit
                0x00000000080018c8       0x90 build/fmc.o
 .text.MX_FMC_Init
                0x0000000008001958       0x74 build/fmc.o
                0x0000000008001958                MX_FMC_Init
 .text.HAL_SRAM_MspInit
                0x00000000080019cc        0x8 build/fmc.o
                0x00000000080019cc                HAL_SRAM_MspInit
 .text.MX_I2C1_Init
                0x00000000080019d4       0x60 build/i2c.o
                0x00000000080019d4                MX_I2C1_Init
 .text.MX_I2C2_Init
                0x0000000008001a34       0x5c build/i2c.o
                0x0000000008001a34                MX_I2C2_Init
 .text.HAL_I2C_MspInit
                0x0000000008001a90      0x118 build/i2c.o
                0x0000000008001a90                HAL_I2C_MspInit
 .text.MX_QUADSPI1_Init
                0x0000000008001ba8       0x34 build/quadspi.o
                0x0000000008001ba8                MX_QUADSPI1_Init
 .text.HAL_QSPI_MspInit
                0x0000000008001bdc       0xe0 build/quadspi.o
                0x0000000008001bdc                HAL_QSPI_MspInit
 .text.MX_SPI1_Init
                0x0000000008001cbc       0x4c build/spi.o
                0x0000000008001cbc                MX_SPI1_Init
 .text.HAL_SPI_MspInit
                0x0000000008001d08       0x64 build/spi.o
                0x0000000008001d08                HAL_SPI_MspInit
 .text.MX_TIM6_Init
                0x0000000008001d6c       0xb0 build/tim.o
                0x0000000008001d6c                MX_TIM6_Init
 .text.HAL_TIM_Base_MspInit
                0x0000000008001e1c       0x8c build/tim.o
                0x0000000008001e1c                HAL_TIM_Base_MspInit
 .text.HAL_TIM_MspPostInit
                0x0000000008001ea8       0xfc build/tim.o
                0x0000000008001ea8                HAL_TIM_MspPostInit
 .text.MX_TIM5_Init
                0x0000000008001fa4       0xec build/tim.o
                0x0000000008001fa4                MX_TIM5_Init
 .text.MX_TIM8_Init
                0x0000000008002090      0x150 build/tim.o
                0x0000000008002090                MX_TIM8_Init
 .text.MX_TIM15_Init
                0x00000000080021e0       0xf0 build/tim.o
                0x00000000080021e0                MX_TIM15_Init
 .text.MX_TIM20_Init
                0x00000000080022d0      0x150 build/tim.o
                0x00000000080022d0                MX_TIM20_Init
 .text.MX_UART4_Init
                0x0000000008002420       0x68 build/usart.o
                0x0000000008002420                MX_UART4_Init
 .text.MX_UART5_Init
                0x0000000008002488       0x68 build/usart.o
                0x0000000008002488                MX_UART5_Init
 .text.MX_USART1_UART_Init
                0x00000000080024f0      0x1d8 build/usart.o
                0x00000000080024f0                MX_USART1_UART_Init
 .text.MX_USART2_UART_Init
                0x00000000080026c8       0x68 build/usart.o
                0x00000000080026c8                MX_USART2_UART_Init
 .text.MX_USART3_UART_Init
                0x0000000008002730       0x68 build/usart.o
                0x0000000008002730                MX_USART3_UART_Init
 .text.HAL_UART_MspInit
                0x0000000008002798      0x1d8 build/usart.o
                0x0000000008002798                HAL_UART_MspInit
 .text.rotateTetromino
                0x0000000008002970       0x40 build/tetromino.o
                0x0000000008002970                rotateTetromino
 .text.generateTetromino
                0x00000000080029b0       0x94 build/tetromino.o
                0x00000000080029b0                generateTetromino
 .text.joystick_init
                0x0000000008002a44       0x2c build/joystick.o
                0x0000000008002a44                joystick_init
 .text.joystick_get
                0x0000000008002a70       0x44 build/joystick.o
                0x0000000008002a70                joystick_get
 .text.NMI_Handler
                0x0000000008002ab4        0x2 build/stm32g4xx_it.o
                0x0000000008002ab4                NMI_Handler
 .text.HardFault_Handler
                0x0000000008002ab6        0x2 build/stm32g4xx_it.o
                0x0000000008002ab6                HardFault_Handler
 .text.MemManage_Handler
                0x0000000008002ab8        0x2 build/stm32g4xx_it.o
                0x0000000008002ab8                MemManage_Handler
 .text.BusFault_Handler
                0x0000000008002aba        0x2 build/stm32g4xx_it.o
                0x0000000008002aba                BusFault_Handler
 .text.UsageFault_Handler
                0x0000000008002abc        0x2 build/stm32g4xx_it.o
                0x0000000008002abc                UsageFault_Handler
 .text.SVC_Handler
                0x0000000008002abe        0x2 build/stm32g4xx_it.o
                0x0000000008002abe                SVC_Handler
 .text.DebugMon_Handler
                0x0000000008002ac0        0x2 build/stm32g4xx_it.o
                0x0000000008002ac0                DebugMon_Handler
 .text.PendSV_Handler
                0x0000000008002ac2        0x2 build/stm32g4xx_it.o
                0x0000000008002ac2                PendSV_Handler
 .text.SysTick_Handler
                0x0000000008002ac4        0x8 build/stm32g4xx_it.o
                0x0000000008002ac4                SysTick_Handler
 .text.DMA1_Channel1_IRQHandler
                0x0000000008002acc        0x2 build/stm32g4xx_it.o
                0x0000000008002acc                DMA1_Channel1_IRQHandler
 .text.DMA1_Channel2_IRQHandler
                0x0000000008002ace        0x2 build/stm32g4xx_it.o
                0x0000000008002ace                DMA1_Channel2_IRQHandler
 .text.USB_LP_IRQHandler
                0x0000000008002ad0       0x10 build/stm32g4xx_it.o
                0x0000000008002ad0                USB_LP_IRQHandler
 .text.EXTI9_5_IRQHandler
                0x0000000008002ae0       0x18 build/stm32g4xx_it.o
                0x0000000008002ae0                EXTI9_5_IRQHandler
 .text.EXTI15_10_IRQHandler
                0x0000000008002af8       0x1c build/stm32g4xx_it.o
                0x0000000008002af8                EXTI15_10_IRQHandler
 .text.TIM6_DAC_IRQHandler
                0x0000000008002b14       0x34 build/stm32g4xx_it.o
                0x0000000008002b14                TIM6_DAC_IRQHandler
 .text.HAL_MspInit
                0x0000000008002b48       0x38 build/stm32g4xx_hal_msp.o
                0x0000000008002b48                HAL_MspInit
 .text.MX_USB_Device_Init
                0x0000000008002b80       0x54 build/usb_device.o
                0x0000000008002b80                MX_USB_Device_Init
 .text.USBD_CDC_DeviceDescriptor
                0x0000000008002bd4        0xc build/usbd_desc.o
                0x0000000008002bd4                USBD_CDC_DeviceDescriptor
 .text.USBD_CDC_LangIDStrDescriptor
                0x0000000008002be0        0xc build/usbd_desc.o
                0x0000000008002be0                USBD_CDC_LangIDStrDescriptor
 .text.IntToUnicode
                0x0000000008002bec       0x46 build/usbd_desc.o
 *fill*         0x0000000008002c32        0x2 
 .text.Get_SerialNum
                0x0000000008002c34       0x38 build/usbd_desc.o
 .text.USBD_CDC_SerialStrDescriptor
                0x0000000008002c6c       0x14 build/usbd_desc.o
                0x0000000008002c6c                USBD_CDC_SerialStrDescriptor
 .text.USBD_CDC_ProductStrDescriptor
                0x0000000008002c80       0x24 build/usbd_desc.o
                0x0000000008002c80                USBD_CDC_ProductStrDescriptor
 .text.USBD_CDC_ManufacturerStrDescriptor
                0x0000000008002ca4       0x1c build/usbd_desc.o
                0x0000000008002ca4                USBD_CDC_ManufacturerStrDescriptor
 .text.USBD_CDC_ConfigStrDescriptor
                0x0000000008002cc0       0x24 build/usbd_desc.o
                0x0000000008002cc0                USBD_CDC_ConfigStrDescriptor
 .text.USBD_CDC_InterfaceStrDescriptor
                0x0000000008002ce4       0x24 build/usbd_desc.o
                0x0000000008002ce4                USBD_CDC_InterfaceStrDescriptor
 .text.CDC_DeInit_FS
                0x0000000008002d08        0x4 build/usbd_cdc_if.o
 .text.CDC_Control_FS
                0x0000000008002d0c        0x4 build/usbd_cdc_if.o
 .text.CDC_TransmitCplt_FS
                0x0000000008002d10        0x4 build/usbd_cdc_if.o
 .text.CDC_Receive_FS
                0x0000000008002d14       0x1c build/usbd_cdc_if.o
 .text.CDC_Init_FS
                0x0000000008002d30       0x28 build/usbd_cdc_if.o
 .text.USBD_Get_USB_Status
                0x0000000008002d58       0x14 build/usbd_conf.o
 .text.SystemClockConfig_Resume
                0x0000000008002d6c        0x8 build/usbd_conf.o
 .text.HAL_PCD_MspInit
                0x0000000008002d74       0x60 build/usbd_conf.o
                0x0000000008002d74                HAL_PCD_MspInit
 .text.HAL_PCD_SetupStageCallback
                0x0000000008002dd4       0x10 build/usbd_conf.o
                0x0000000008002dd4                HAL_PCD_SetupStageCallback
 .text.HAL_PCD_DataOutStageCallback
                0x0000000008002de4       0x18 build/usbd_conf.o
                0x0000000008002de4                HAL_PCD_DataOutStageCallback
 .text.HAL_PCD_DataInStageCallback
                0x0000000008002dfc       0x16 build/usbd_conf.o
                0x0000000008002dfc                HAL_PCD_DataInStageCallback
 .text.HAL_PCD_SOFCallback
                0x0000000008002e12        0xc build/usbd_conf.o
                0x0000000008002e12                HAL_PCD_SOFCallback
 .text.HAL_PCD_ResetCallback
                0x0000000008002e1e       0x24 build/usbd_conf.o
                0x0000000008002e1e                HAL_PCD_ResetCallback
 *fill*         0x0000000008002e42        0x2 
 .text.HAL_PCD_SuspendCallback
                0x0000000008002e44       0x20 build/usbd_conf.o
                0x0000000008002e44                HAL_PCD_SuspendCallback
 .text.HAL_PCD_ResumeCallback
                0x0000000008002e64       0x28 build/usbd_conf.o
                0x0000000008002e64                HAL_PCD_ResumeCallback
 .text.USBD_LL_Init
                0x0000000008002e8c       0x88 build/usbd_conf.o
                0x0000000008002e8c                USBD_LL_Init
 .text.USBD_LL_Start
                0x0000000008002f14       0x10 build/usbd_conf.o
                0x0000000008002f14                USBD_LL_Start
 .text.USBD_LL_OpenEP
                0x0000000008002f24       0x16 build/usbd_conf.o
                0x0000000008002f24                USBD_LL_OpenEP
 .text.USBD_LL_CloseEP
                0x0000000008002f3a       0x10 build/usbd_conf.o
                0x0000000008002f3a                USBD_LL_CloseEP
 .text.USBD_LL_StallEP
                0x0000000008002f4a       0x10 build/usbd_conf.o
                0x0000000008002f4a                USBD_LL_StallEP
 .text.USBD_LL_ClearStallEP
                0x0000000008002f5a       0x10 build/usbd_conf.o
                0x0000000008002f5a                USBD_LL_ClearStallEP
 .text.USBD_LL_IsStallEP
                0x0000000008002f6a       0x2e build/usbd_conf.o
                0x0000000008002f6a                USBD_LL_IsStallEP
 .text.USBD_LL_SetUSBAddress
                0x0000000008002f98       0x10 build/usbd_conf.o
                0x0000000008002f98                USBD_LL_SetUSBAddress
 .text.USBD_LL_Transmit
                0x0000000008002fa8       0x10 build/usbd_conf.o
                0x0000000008002fa8                USBD_LL_Transmit
 .text.USBD_LL_PrepareReceive
                0x0000000008002fb8       0x10 build/usbd_conf.o
                0x0000000008002fb8                USBD_LL_PrepareReceive
 .text.USBD_LL_GetRxDataSize
                0x0000000008002fc8        0xc build/usbd_conf.o
                0x0000000008002fc8                USBD_LL_GetRxDataSize
 .text.HAL_PCDEx_LPM_Callback
                0x0000000008002fd4       0x48 build/usbd_conf.o
                0x0000000008002fd4                HAL_PCDEx_LPM_Callback
 .text.USBD_static_malloc
                0x000000000800301c        0x8 build/usbd_conf.o
                0x000000000800301c                USBD_static_malloc
 .text.USBD_static_free
                0x0000000008003024        0x2 build/usbd_conf.o
                0x0000000008003024                USBD_static_free
 .text.BUF_flush
                0x0000000008003026       0x10 build/buf.o
                0x0000000008003026                BUF_flush
 .text.BUF_init
                0x0000000008003036        0xc build/buf.o
                0x0000000008003036                BUF_init
 .text.BUF_store_byte
                0x0000000008003042       0x38 build/buf.o
                0x0000000008003042                BUF_store_byte
 *fill*         0x000000000800307a        0x2 
 .text.KBD_init
                0x000000000800307c       0x90 build/kbd.o
                0x000000000800307c                KBD_init
 .text.KBD_scan
                0x000000000800310c       0x54 build/kbd.o
                0x000000000800310c                KBD_scan
 .text.KBD_get_button_state
                0x0000000008003160       0x14 build/kbd.o
                0x0000000008003160                KBD_get_button_state
 .text.KBD_scan_Callback
                0x0000000008003174        0x8 build/kbd.o
                0x0000000008003174                KBD_scan_Callback
 .text.LEDs_write
                0x000000000800317c       0x48 build/LED.o
                0x000000000800317c                LEDs_write
 .text.LED_init
                0x00000000080031c4       0x48 build/LED.o
                0x00000000080031c4                LED_init
 .text.SCI_init
                0x000000000800320c       0x60 build/SCI.o
                0x000000000800320c                SCI_init
 .text.SCI_send_byte
                0x000000000800326c       0x14 build/SCI.o
                0x000000000800326c                SCI_send_byte
 .text.SCI_send_bytes
                0x0000000008003280       0x18 build/SCI.o
                0x0000000008003280                SCI_send_bytes
 .text._write   0x0000000008003298       0x10 build/SCI.o
                0x0000000008003298                _write
 .text.ILI9341_SetAddress
                0x00000000080032a8        0xe build/lcd_ili9341.o
                0x00000000080032a8                ILI9341_SetAddress
 *fill*         0x00000000080032b6        0x2 
 .text.ILI9341_SendData
                0x00000000080032b8       0x20 build/lcd_ili9341.o
                0x00000000080032b8                ILI9341_SendData
 .text.ILI9341_SendRepeatedData
                0x00000000080032d8       0x18 build/lcd_ili9341.o
                0x00000000080032d8                ILI9341_SendRepeatedData
 .text.ILI9341_SetOrientation
                0x00000000080032f0       0x58 build/lcd_ili9341.o
                0x00000000080032f0                ILI9341_SetOrientation
 .text.ILI9341_SetDisplayWindow
                0x0000000008003348       0x9a build/lcd_ili9341.o
                0x0000000008003348                ILI9341_SetDisplayWindow
 *fill*         0x00000000080033e2        0x2 
 .text.ILI9341_Init
                0x00000000080033e4       0xd8 build/lcd_ili9341.o
                0x00000000080033e4                ILI9341_Init
 .text.ILI9341_WaitTransfer
                0x00000000080034bc        0xa build/lcd_ili9341.o
                0x00000000080034bc                ILI9341_WaitTransfer
 .text.ILI9341_DisplayOn
                0x00000000080034c6       0x18 build/lcd_ili9341.o
                0x00000000080034c6                ILI9341_DisplayOn
 *fill*         0x00000000080034de        0x2 
 .text.ILI9341_GetParam
                0x00000000080034e0       0x2c build/lcd_ili9341.o
                0x00000000080034e0                ILI9341_GetParam
 .text.LCD_IO_Init
                0x000000000800350c       0x1c build/lcd.o
 .text.LCD_FillRect
                0x0000000008003528       0x42 build/lcd.o
                0x0000000008003528                LCD_FillRect
 .text.LCD_Tetromino
                0x000000000800356a       0x64 build/lcd.o
                0x000000000800356a                LCD_Tetromino
 .text.LCD_PlayingField
                0x00000000080035ce       0x76 build/lcd.o
                0x00000000080035ce                LCD_PlayingField
 .text.LCD_TetrisFrame
                0x0000000008003644       0x3e build/lcd.o
                0x0000000008003644                LCD_TetrisFrame
 *fill*         0x0000000008003682        0x2 
 .text.LCD_SetBacklight
                0x0000000008003684       0x18 build/lcd.o
                0x0000000008003684                LCD_SetBacklight
 .text.LCD_ClearScreen
                0x000000000800369c       0x20 build/lcd.o
                0x000000000800369c                LCD_ClearScreen
 .text.LCD_Init
                0x00000000080036bc       0x22 build/lcd.o
                0x00000000080036bc                LCD_Init
 *fill*         0x00000000080036de        0x2 
 .text.UG_Init  0x00000000080036e0       0x68 build/ugui.o
                0x00000000080036e0                UG_Init
 .text.UG_FontSelect
                0x0000000008003748       0x24 build/ugui.o
                0x0000000008003748                UG_FontSelect
 .text.UG_FillFrame
                0x000000000800376c       0x68 build/ugui.o
                0x000000000800376c                UG_FillFrame
 .text.UG_FillScreen
                0x00000000080037d4       0x24 build/ugui.o
                0x00000000080037d4                UG_FillScreen
 .text.UG_SetForecolor
                0x00000000080037f8        0xc build/ugui.o
                0x00000000080037f8                UG_SetForecolor
 .text.UG_SetBackcolor
                0x0000000008003804        0xc build/ugui.o
                0x0000000008003804                UG_SetBackcolor
 .text._UG_PutChar
                0x0000000008003810      0x328 build/ugui.o
                0x0000000008003810                _UG_PutChar
 .text.UG_PutChar
                0x0000000008003b38       0x1c build/ugui.o
                0x0000000008003b38                UG_PutChar
 .text.UG_PutString
                0x0000000008003b54       0x7c build/ugui.o
                0x0000000008003b54                UG_PutString
 .text.UG_DriverRegister
                0x0000000008003bd0       0x1c build/ugui.o
                0x0000000008003bd0                UG_DriverRegister
 .text.UG_DriverEnable
                0x0000000008003bec       0x2c build/ugui.o
                0x0000000008003bec                UG_DriverEnable
 .text.HAL_PCD_EP_DB_Receive
                0x0000000008003c18      0x118 build/stm32g4xx_hal_pcd.o
 .text.HAL_PCD_Init
                0x0000000008003d30       0xe4 build/stm32g4xx_hal_pcd.o
                0x0000000008003d30                HAL_PCD_Init
 .text.HAL_PCD_Start
                0x0000000008003e14       0x2a build/stm32g4xx_hal_pcd.o
                0x0000000008003e14                HAL_PCD_Start
 .text.HAL_PCD_EP_DB_Transmit
                0x0000000008003e3e      0x410 build/stm32g4xx_hal_pcd.o
 .text.PCD_EP_ISR_Handler
                0x000000000800424e      0x50e build/stm32g4xx_hal_pcd.o
 .text.HAL_PCD_SetAddress
                0x000000000800475c       0x28 build/stm32g4xx_hal_pcd.o
                0x000000000800475c                HAL_PCD_SetAddress
 .text.HAL_PCD_IRQHandler
                0x0000000008004784      0x1b2 build/stm32g4xx_hal_pcd.o
                0x0000000008004784                HAL_PCD_IRQHandler
 .text.HAL_PCD_EP_Open
                0x0000000008004936       0x84 build/stm32g4xx_hal_pcd.o
                0x0000000008004936                HAL_PCD_EP_Open
 .text.HAL_PCD_EP_Close
                0x00000000080049ba       0x64 build/stm32g4xx_hal_pcd.o
                0x00000000080049ba                HAL_PCD_EP_Close
 .text.HAL_PCD_EP_Receive
                0x0000000008004a1e       0x44 build/stm32g4xx_hal_pcd.o
                0x0000000008004a1e                HAL_PCD_EP_Receive
 .text.HAL_PCD_EP_GetRxCount
                0x0000000008004a62       0x12 build/stm32g4xx_hal_pcd.o
                0x0000000008004a62                HAL_PCD_EP_GetRxCount
 .text.HAL_PCD_EP_Transmit
                0x0000000008004a74       0x50 build/stm32g4xx_hal_pcd.o
                0x0000000008004a74                HAL_PCD_EP_Transmit
 .text.HAL_PCD_EP_SetStall
                0x0000000008004ac4       0x6a build/stm32g4xx_hal_pcd.o
                0x0000000008004ac4                HAL_PCD_EP_SetStall
 .text.HAL_PCD_EP_ClrStall
                0x0000000008004b2e       0x76 build/stm32g4xx_hal_pcd.o
                0x0000000008004b2e                HAL_PCD_EP_ClrStall
 .text.HAL_PCDEx_PMAConfig
                0x0000000008004ba4       0x38 build/stm32g4xx_hal_pcd_ex.o
                0x0000000008004ba4                HAL_PCDEx_PMAConfig
 .text.HAL_PCDEx_ActivateLPM
                0x0000000008004bdc       0x2c build/stm32g4xx_hal_pcd_ex.o
                0x0000000008004bdc                HAL_PCDEx_ActivateLPM
 .text.HAL_InitTick
                0x0000000008004c08       0x50 build/stm32g4xx_hal.o
                0x0000000008004c08                HAL_InitTick
 .text.HAL_Init
                0x0000000008004c58       0x1e build/stm32g4xx_hal.o
                0x0000000008004c58                HAL_Init
 *fill*         0x0000000008004c76        0x2 
 .text.HAL_IncTick
                0x0000000008004c78       0x18 build/stm32g4xx_hal.o
                0x0000000008004c78                HAL_IncTick
 .text.HAL_GetTick
                0x0000000008004c90        0xc build/stm32g4xx_hal.o
                0x0000000008004c90                HAL_GetTick
 .text.HAL_Delay
                0x0000000008004c9c       0x28 build/stm32g4xx_hal.o
                0x0000000008004c9c                HAL_Delay
 .text.RCC_GetSysClockFreqFromPLLSource
                0x0000000008004cc4       0x58 build/stm32g4xx_hal_rcc.o
 .text.HAL_RCC_OscConfig
                0x0000000008004d1c      0x4e8 build/stm32g4xx_hal_rcc.o
                0x0000000008004d1c                HAL_RCC_OscConfig
 .text.HAL_RCC_GetSysClockFreq
                0x0000000008005204       0x88 build/stm32g4xx_hal_rcc.o
                0x0000000008005204                HAL_RCC_GetSysClockFreq
 .text.HAL_RCC_ClockConfig
                0x000000000800528c      0x1f8 build/stm32g4xx_hal_rcc.o
                0x000000000800528c                HAL_RCC_ClockConfig
 .text.HAL_RCC_GetHCLKFreq
                0x0000000008005484        0xc build/stm32g4xx_hal_rcc.o
                0x0000000008005484                HAL_RCC_GetHCLKFreq
 .text.HAL_RCC_GetPCLK1Freq
                0x0000000008005490       0x24 build/stm32g4xx_hal_rcc.o
                0x0000000008005490                HAL_RCC_GetPCLK1Freq
 .text.HAL_RCC_GetPCLK2Freq
                0x00000000080054b4       0x24 build/stm32g4xx_hal_rcc.o
                0x00000000080054b4                HAL_RCC_GetPCLK2Freq
 .text.HAL_RCCEx_PeriphCLKConfig
                0x00000000080054d8      0x378 build/stm32g4xx_hal_rcc_ex.o
                0x00000000080054d8                HAL_RCCEx_PeriphCLKConfig
 .text.HAL_GPIO_Init
                0x0000000008005850      0x1d4 build/stm32g4xx_hal_gpio.o
                0x0000000008005850                HAL_GPIO_Init
 .text.HAL_PWREx_ControlVoltageScaling
                0x0000000008005a24      0x10c build/stm32g4xx_hal_pwr_ex.o
                0x0000000008005a24                HAL_PWREx_ControlVoltageScaling
 .text.HAL_PWREx_DisableUCPDDeadBattery
                0x0000000008005b30       0x10 build/stm32g4xx_hal_pwr_ex.o
                0x0000000008005b30                HAL_PWREx_DisableUCPDDeadBattery
 .text.HAL_NVIC_SetPriorityGrouping
                0x0000000008005b40       0x24 build/stm32g4xx_hal_cortex.o
                0x0000000008005b40                HAL_NVIC_SetPriorityGrouping
 .text.HAL_NVIC_SetPriority
                0x0000000008005b64       0x70 build/stm32g4xx_hal_cortex.o
                0x0000000008005b64                HAL_NVIC_SetPriority
 .text.HAL_NVIC_EnableIRQ
                0x0000000008005bd4       0x1c build/stm32g4xx_hal_cortex.o
                0x0000000008005bd4                HAL_NVIC_EnableIRQ
 .text.HAL_SYSTICK_Config
                0x0000000008005bf0       0x28 build/stm32g4xx_hal_cortex.o
                0x0000000008005bf0                HAL_SYSTICK_Config
 .text.HAL_ADC_Init
                0x0000000008005c18      0x2a8 build/stm32g4xx_hal_adc.o
                0x0000000008005c18                HAL_ADC_Init
 .text.HAL_ADC_PollForConversion
                0x0000000008005ec0      0x14c build/stm32g4xx_hal_adc.o
                0x0000000008005ec0                HAL_ADC_PollForConversion
 .text.HAL_ADC_GetValue
                0x000000000800600c        0x6 build/stm32g4xx_hal_adc.o
                0x000000000800600c                HAL_ADC_GetValue
 *fill*         0x0000000008006012        0x2 
 .text.HAL_ADC_ConfigChannel
                0x0000000008006014      0x538 build/stm32g4xx_hal_adc.o
                0x0000000008006014                HAL_ADC_ConfigChannel
 .text.ADC_ConversionStop
                0x000000000800654c      0x100 build/stm32g4xx_hal_adc.o
                0x000000000800654c                ADC_ConversionStop
 .text.ADC_Enable
                0x000000000800664c       0x98 build/stm32g4xx_hal_adc.o
                0x000000000800664c                ADC_Enable
 .text.HAL_ADC_Start
                0x00000000080066e4      0x12c build/stm32g4xx_hal_adc.o
                0x00000000080066e4                HAL_ADC_Start
 .text.ADC_Disable
                0x0000000008006810       0x94 build/stm32g4xx_hal_adc.o
                0x0000000008006810                ADC_Disable
 .text.HAL_ADC_Stop
                0x00000000080068a4       0x42 build/stm32g4xx_hal_adc.o
                0x00000000080068a4                HAL_ADC_Stop
 *fill*         0x00000000080068e6        0x2 
 .text.HAL_ADCEx_MultiModeConfigChannel
                0x00000000080068e8      0x1d4 build/stm32g4xx_hal_adc_ex.o
                0x00000000080068e8                HAL_ADCEx_MultiModeConfigChannel
 .text.HAL_CRC_Init
                0x0000000008006abc       0x80 build/stm32g4xx_hal_crc.o
                0x0000000008006abc                HAL_CRC_Init
 .text.HAL_CRCEx_Polynomial_Set
                0x0000000008006b3c       0x6e build/stm32g4xx_hal_crc_ex.o
                0x0000000008006b3c                HAL_CRCEx_Polynomial_Set
 .text.HAL_DAC_Init
                0x0000000008006baa       0x24 build/stm32g4xx_hal_dac.o
                0x0000000008006baa                HAL_DAC_Init
 .text.HAL_DAC_DMAUnderrunCallbackCh1
                0x0000000008006bce        0x2 build/stm32g4xx_hal_dac.o
                0x0000000008006bce                HAL_DAC_DMAUnderrunCallbackCh1
 .text.HAL_DAC_IRQHandler
                0x0000000008006bd0       0x70 build/stm32g4xx_hal_dac.o
                0x0000000008006bd0                HAL_DAC_IRQHandler
 .text.HAL_DAC_ConfigChannel
                0x0000000008006c40      0x1fc build/stm32g4xx_hal_dac.o
                0x0000000008006c40                HAL_DAC_ConfigChannel
 .text.HAL_DACEx_DMAUnderrunCallbackCh2
                0x0000000008006e3c        0x2 build/stm32g4xx_hal_dac_ex.o
                0x0000000008006e3c                HAL_DACEx_DMAUnderrunCallbackCh2
 *fill*         0x0000000008006e3e        0x2 
 .text.FDCAN_CalcultateRamBlockAddresses
                0x0000000008006e40       0x8c build/stm32g4xx_hal_fdcan.o
 .text.HAL_FDCAN_Init
                0x0000000008006ecc      0x1d4 build/stm32g4xx_hal_fdcan.o
                0x0000000008006ecc                HAL_FDCAN_Init
 .text.HAL_SRAM_Init
                0x00000000080070a0       0x58 build/stm32g4xx_hal_sram.o
                0x00000000080070a0                HAL_SRAM_Init
 .text.HAL_I2C_Init
                0x00000000080070f8       0xbc build/stm32g4xx_hal_i2c.o
                0x00000000080070f8                HAL_I2C_Init
 .text.HAL_I2CEx_ConfigAnalogFilter
                0x00000000080071b4       0x5c build/stm32g4xx_hal_i2c_ex.o
                0x00000000080071b4                HAL_I2CEx_ConfigAnalogFilter
 .text.HAL_I2CEx_ConfigDigitalFilter
                0x0000000008007210       0x58 build/stm32g4xx_hal_i2c_ex.o
                0x0000000008007210                HAL_I2CEx_ConfigDigitalFilter
 .text.QSPI_WaitFlagStateUntilTimeout
                0x0000000008007268       0x54 build/stm32g4xx_hal_qspi.o
 .text.HAL_QSPI_SetTimeout
                0x00000000080072bc        0x4 build/stm32g4xx_hal_qspi.o
                0x00000000080072bc                HAL_QSPI_SetTimeout
 .text.HAL_QSPI_Init
                0x00000000080072c0       0xb0 build/stm32g4xx_hal_qspi.o
                0x00000000080072c0                HAL_QSPI_Init
 .text.HAL_SPI_Init
                0x0000000008007370       0xe8 build/stm32g4xx_hal_spi.o
                0x0000000008007370                HAL_SPI_Init
 .text.TIM_OC1_SetConfig
                0x0000000008007458       0xb0 build/stm32g4xx_hal_tim.o
 .text.TIM_OC3_SetConfig
                0x0000000008007508       0x9c build/stm32g4xx_hal_tim.o
 .text.TIM_OC4_SetConfig
                0x00000000080075a4       0x9c build/stm32g4xx_hal_tim.o
 .text.TIM_OC5_SetConfig
                0x0000000008007640       0x70 build/stm32g4xx_hal_tim.o
 .text.TIM_OC6_SetConfig
                0x00000000080076b0       0x74 build/stm32g4xx_hal_tim.o
 .text.TIM_TI1_ConfigInputStage
                0x0000000008007724       0x26 build/stm32g4xx_hal_tim.o
 .text.TIM_TI2_ConfigInputStage
                0x000000000800774a       0x28 build/stm32g4xx_hal_tim.o
 .text.TIM_ITRx_SetConfig
                0x0000000008007772       0x14 build/stm32g4xx_hal_tim.o
 .text.HAL_TIM_PWM_MspInit
                0x0000000008007786        0x2 build/stm32g4xx_hal_tim.o
                0x0000000008007786                HAL_TIM_PWM_MspInit
 .text.TIM_Base_SetConfig
                0x0000000008007788       0xe0 build/stm32g4xx_hal_tim.o
                0x0000000008007788                TIM_Base_SetConfig
 .text.HAL_TIM_Base_Init
                0x0000000008007868       0x60 build/stm32g4xx_hal_tim.o
                0x0000000008007868                HAL_TIM_Base_Init
 .text.HAL_TIM_PWM_Init
                0x00000000080078c8       0x60 build/stm32g4xx_hal_tim.o
                0x00000000080078c8                HAL_TIM_PWM_Init
 .text.TIM_OC2_SetConfig
                0x0000000008007928       0x9c build/stm32g4xx_hal_tim.o
                0x0000000008007928                TIM_OC2_SetConfig
 .text.HAL_TIM_PWM_ConfigChannel
                0x00000000080079c4      0x13a build/stm32g4xx_hal_tim.o
                0x00000000080079c4                HAL_TIM_PWM_ConfigChannel
 .text.TIM_ETR_SetConfig
                0x0000000008007afe       0x1a build/stm32g4xx_hal_tim.o
                0x0000000008007afe                TIM_ETR_SetConfig
 .text.HAL_TIM_ConfigClockSource
                0x0000000008007b18      0x154 build/stm32g4xx_hal_tim.o
                0x0000000008007b18                HAL_TIM_ConfigClockSource
 .text.HAL_TIMEx_MasterConfigSynchronization
                0x0000000008007c6c       0xac build/stm32g4xx_hal_tim_ex.o
                0x0000000008007c6c                HAL_TIMEx_MasterConfigSynchronization
 .text.HAL_TIMEx_ConfigBreakDeadTime
                0x0000000008007d18       0xd4 build/stm32g4xx_hal_tim_ex.o
                0x0000000008007d18                HAL_TIMEx_ConfigBreakDeadTime
 .text.UART_SetConfig
                0x0000000008007dec      0x388 build/stm32g4xx_hal_uart.o
                0x0000000008007dec                UART_SetConfig
 .text.UART_AdvFeatureConfig
                0x0000000008008174       0xca build/stm32g4xx_hal_uart.o
                0x0000000008008174                UART_AdvFeatureConfig
 .text.UART_WaitOnFlagUntilTimeout
                0x000000000800823e       0xdc build/stm32g4xx_hal_uart.o
                0x000000000800823e                UART_WaitOnFlagUntilTimeout
 .text.UART_CheckIdleState
                0x000000000800831a       0x74 build/stm32g4xx_hal_uart.o
                0x000000000800831a                UART_CheckIdleState
 .text.HAL_UART_Init
                0x000000000800838e       0x66 build/stm32g4xx_hal_uart.o
                0x000000000800838e                HAL_UART_Init
 .text.UARTEx_SetNbDataToProcess
                0x00000000080083f4       0x4c build/stm32g4xx_hal_uart_ex.o
 .text.HAL_UARTEx_DisableFifoMode
                0x0000000008008440       0x3e build/stm32g4xx_hal_uart_ex.o
                0x0000000008008440                HAL_UARTEx_DisableFifoMode
 .text.HAL_UARTEx_SetTxFifoThreshold
                0x000000000800847e       0x4a build/stm32g4xx_hal_uart_ex.o
                0x000000000800847e                HAL_UARTEx_SetTxFifoThreshold
 .text.HAL_UARTEx_SetRxFifoThreshold
                0x00000000080084c8       0x4a build/stm32g4xx_hal_uart_ex.o
                0x00000000080084c8                HAL_UARTEx_SetRxFifoThreshold
 .text.USB_EnableGlobalInt
                0x0000000008008512       0x12 build/stm32g4xx_ll_usb.o
                0x0000000008008512                USB_EnableGlobalInt
 .text.USB_DisableGlobalInt
                0x0000000008008524       0x14 build/stm32g4xx_ll_usb.o
                0x0000000008008524                USB_DisableGlobalInt
 .text.USB_DevInit
                0x0000000008008538       0x22 build/stm32g4xx_ll_usb.o
                0x0000000008008538                USB_DevInit
 .text.USB_ActivateEndpoint
                0x000000000800855a      0x39a build/stm32g4xx_ll_usb.o
                0x000000000800855a                USB_ActivateEndpoint
 .text.USB_DeactivateEndpoint
                0x00000000080088f4      0x1d6 build/stm32g4xx_ll_usb.o
                0x00000000080088f4                USB_DeactivateEndpoint
 .text.USB_EPSetStall
                0x0000000008008aca       0x4a build/stm32g4xx_ll_usb.o
                0x0000000008008aca                USB_EPSetStall
 .text.USB_EPClearStall
                0x0000000008008b14       0xa2 build/stm32g4xx_ll_usb.o
                0x0000000008008b14                USB_EPClearStall
 .text.USB_SetDevAddress
                0x0000000008008bb6        0xc build/stm32g4xx_ll_usb.o
                0x0000000008008bb6                USB_SetDevAddress
 .text.USB_DevConnect
                0x0000000008008bc2       0x16 build/stm32g4xx_ll_usb.o
                0x0000000008008bc2                USB_DevConnect
 .text.USB_ReadInterrupts
                0x0000000008008bd8        0x8 build/stm32g4xx_ll_usb.o
                0x0000000008008bd8                USB_ReadInterrupts
 .text.USB_WritePMA
                0x0000000008008be0       0x28 build/stm32g4xx_ll_usb.o
                0x0000000008008be0                USB_WritePMA
 .text.USB_EPStartXfer
                0x0000000008008c08      0x760 build/stm32g4xx_ll_usb.o
                0x0000000008008c08                USB_EPStartXfer
 .text.USB_ReadPMA
                0x0000000008009368       0x30 build/stm32g4xx_ll_usb.o
                0x0000000008009368                USB_ReadPMA
 .text.FMC_NORSRAM_Init
                0x0000000008009398       0xe0 build/stm32g4xx_ll_fmc.o
                0x0000000008009398                FMC_NORSRAM_Init
 .text.FMC_NORSRAM_Timing_Init
                0x0000000008009478       0x66 build/stm32g4xx_ll_fmc.o
                0x0000000008009478                FMC_NORSRAM_Timing_Init
 .text.FMC_NORSRAM_Extended_Timing_Init
                0x00000000080094de       0x4a build/stm32g4xx_ll_fmc.o
                0x00000000080094de                FMC_NORSRAM_Extended_Timing_Init
 .text.LL_TIM_Init
                0x0000000008009528       0xe0 build/stm32g4xx_ll_tim.o
                0x0000000008009528                LL_TIM_Init
 .text.LL_USART_Init
                0x0000000008009608      0x118 build/stm32g4xx_ll_usart.o
                0x0000000008009608                LL_USART_Init
 .text.RCC_GetHCLKClockFreq
                0x0000000008009720       0x1c build/stm32g4xx_ll_rcc.o
 .text.RCC_GetPCLK1ClockFreq
                0x000000000800973c       0x1c build/stm32g4xx_ll_rcc.o
 .text.RCC_GetPCLK2ClockFreq
                0x0000000008009758       0x1c build/stm32g4xx_ll_rcc.o
 .text.RCC_PLL_GetFreqDomain_SYS
                0x0000000008009774       0x48 build/stm32g4xx_ll_rcc.o
 .text.RCC_GetSystemClockFreq
                0x00000000080097bc       0x2c build/stm32g4xx_ll_rcc.o
 .text.LL_RCC_GetUSARTClockFreq
                0x00000000080097e8      0x11c build/stm32g4xx_ll_rcc.o
                0x00000000080097e8                LL_RCC_GetUSARTClockFreq
 .text.LL_RCC_GetUARTClockFreq
                0x0000000008009904       0xc8 build/stm32g4xx_ll_rcc.o
                0x0000000008009904                LL_RCC_GetUARTClockFreq
 .text.LL_EXTI_Init
                0x00000000080099cc      0x1a0 build/stm32g4xx_ll_exti.o
                0x00000000080099cc                LL_EXTI_Init
 .text.LL_GPIO_Init
                0x0000000008009b6c      0x17e build/stm32g4xx_ll_gpio.o
                0x0000000008009b6c                LL_GPIO_Init
 *fill*         0x0000000008009cea        0x2 
 .text.SystemInit
                0x0000000008009cec       0x14 build/system_stm32g4xx.o
                0x0000000008009cec                SystemInit
 .text.USBD_Init
                0x0000000008009d00       0x2e build/usbd_core.o
                0x0000000008009d00                USBD_Init
 .text.USBD_RegisterClass
                0x0000000008009d2e       0x2e build/usbd_core.o
                0x0000000008009d2e                USBD_RegisterClass
 .text.USBD_Start
                0x0000000008009d5c        0x8 build/usbd_core.o
                0x0000000008009d5c                USBD_Start
 .text.USBD_SetClassConfig
                0x0000000008009d64       0x12 build/usbd_core.o
                0x0000000008009d64                USBD_SetClassConfig
 .text.USBD_ClrClassConfig
                0x0000000008009d76       0x10 build/usbd_core.o
                0x0000000008009d76                USBD_ClrClassConfig
 .text.USBD_LL_SetupStage
                0x0000000008009d86       0x58 build/usbd_core.o
                0x0000000008009d86                USBD_LL_SetupStage
 .text.USBD_LL_DataOutStage
                0x0000000008009dde       0x78 build/usbd_core.o
                0x0000000008009dde                USBD_LL_DataOutStage
 .text.USBD_LL_DataInStage
                0x0000000008009e56       0xbe build/usbd_core.o
                0x0000000008009e56                USBD_LL_DataInStage
 .text.USBD_LL_Reset
                0x0000000008009f14       0x5a build/usbd_core.o
                0x0000000008009f14                USBD_LL_Reset
 .text.USBD_LL_SetSpeed
                0x0000000008009f6e        0x6 build/usbd_core.o
                0x0000000008009f6e                USBD_LL_SetSpeed
 .text.USBD_LL_Suspend
                0x0000000008009f74       0x14 build/usbd_core.o
                0x0000000008009f74                USBD_LL_Suspend
 .text.USBD_LL_Resume
                0x0000000008009f88       0x1a build/usbd_core.o
                0x0000000008009f88                USBD_LL_Resume
 .text.USBD_LL_SOF
                0x0000000008009fa2       0x28 build/usbd_core.o
                0x0000000008009fa2                USBD_LL_SOF
 .text.USBD_GetLen
                0x0000000008009fca       0x14 build/usbd_ctlreq.o
 .text.USBD_SetFeature
                0x0000000008009fde       0x14 build/usbd_ctlreq.o
 .text.USBD_ParseSetupRequest
                0x0000000008009ff2       0x28 build/usbd_ctlreq.o
                0x0000000008009ff2                USBD_ParseSetupRequest
 .text.USBD_CtlError
                0x000000000800a01a       0x14 build/usbd_ctlreq.o
                0x000000000800a01a                USBD_CtlError
 .text.USBD_GetDescriptor
                0x000000000800a02e      0x1ac build/usbd_ctlreq.o
 .text.USBD_SetAddress
                0x000000000800a1da       0x50 build/usbd_ctlreq.o
 *fill*         0x000000000800a22a        0x2 
 .text.USBD_SetConfig
                0x000000000800a22c       0xc8 build/usbd_ctlreq.o
 .text.USBD_GetConfig
                0x000000000800a2f4       0x40 build/usbd_ctlreq.o
 .text.USBD_GetStatus
                0x000000000800a334       0x38 build/usbd_ctlreq.o
 .text.USBD_ClrFeature
                0x000000000800a36c       0x26 build/usbd_ctlreq.o
 .text.USBD_StdDevReq
                0x000000000800a392       0x70 build/usbd_ctlreq.o
                0x000000000800a392                USBD_StdDevReq
 .text.USBD_StdItfReq
                0x000000000800a402       0x68 build/usbd_ctlreq.o
                0x000000000800a402                USBD_StdItfReq
 .text.USBD_StdEPReq
                0x000000000800a46a      0x1ec build/usbd_ctlreq.o
                0x000000000800a46a                USBD_StdEPReq
 .text.USBD_GetString
                0x000000000800a656       0x3a build/usbd_ctlreq.o
                0x000000000800a656                USBD_GetString
 .text.USBD_CtlSendData
                0x000000000800a690       0x1a build/usbd_ioreq.o
                0x000000000800a690                USBD_CtlSendData
 .text.USBD_CtlContinueSendData
                0x000000000800a6aa       0x10 build/usbd_ioreq.o
                0x000000000800a6aa                USBD_CtlContinueSendData
 .text.USBD_CtlPrepareRx
                0x000000000800a6ba       0x1e build/usbd_ioreq.o
                0x000000000800a6ba                USBD_CtlPrepareRx
 .text.USBD_CtlContinueRx
                0x000000000800a6d8       0x10 build/usbd_ioreq.o
                0x000000000800a6d8                USBD_CtlContinueRx
 .text.USBD_CtlSendStatus
                0x000000000800a6e8       0x16 build/usbd_ioreq.o
                0x000000000800a6e8                USBD_CtlSendStatus
 .text.USBD_CtlReceiveStatus
                0x000000000800a6fe       0x16 build/usbd_ioreq.o
                0x000000000800a6fe                USBD_CtlReceiveStatus
 .text.USBD_CDC_EP0_RxReady
                0x000000000800a714       0x36 build/usbd_cdc.o
 *fill*         0x000000000800a74a        0x2 
 .text.USBD_CDC_GetFSCfgDesc
                0x000000000800a74c        0xc build/usbd_cdc.o
 .text.USBD_CDC_GetHSCfgDesc
                0x000000000800a758        0xc build/usbd_cdc.o
 .text.USBD_CDC_GetOtherSpeedCfgDesc
                0x000000000800a764        0xc build/usbd_cdc.o
 .text.USBD_CDC_GetDeviceQualifierDescriptor
                0x000000000800a770        0xc build/usbd_cdc.o
                0x000000000800a770                USBD_CDC_GetDeviceQualifierDescriptor
 .text.USBD_CDC_DataOut
                0x000000000800a77c       0x2a build/usbd_cdc.o
 .text.USBD_CDC_DataIn
                0x000000000800a7a6       0x6a build/usbd_cdc.o
 .text.USBD_CDC_Setup
                0x000000000800a810       0xf4 build/usbd_cdc.o
 .text.USBD_CDC_DeInit
                0x000000000800a904       0x48 build/usbd_cdc.o
 .text.USBD_CDC_Init
                0x000000000800a94c       0xc2 build/usbd_cdc.o
 .text.USBD_CDC_RegisterInterface
                0x000000000800aa0e        0xe build/usbd_cdc.o
                0x000000000800aa0e                USBD_CDC_RegisterInterface
 .text.USBD_CDC_SetTxBuffer
                0x000000000800aa1c       0x16 build/usbd_cdc.o
                0x000000000800aa1c                USBD_CDC_SetTxBuffer
 .text.USBD_CDC_SetRxBuffer
                0x000000000800aa32       0x12 build/usbd_cdc.o
                0x000000000800aa32                USBD_CDC_SetRxBuffer
 .text.USBD_CDC_ReceivePacket
                0x000000000800aa44       0x32 build/usbd_cdc.o
                0x000000000800aa44                USBD_CDC_ReceivePacket
 *fill*         0x000000000800aa76        0x2 
 .text._sbrk    0x000000000800aa78       0x48 build/sysmem.o
                0x000000000800aa78                _sbrk
 .text._read    0x000000000800aac0       0x20 build/syscalls.o
                0x000000000800aac0                _read
 .text._close   0x000000000800aae0        0x6 build/syscalls.o
                0x000000000800aae0                _close
 .text._fstat   0x000000000800aae6        0xa build/syscalls.o
                0x000000000800aae6                _fstat
 .text._lseek   0x000000000800aaf0        0x4 build/syscalls.o
                0x000000000800aaf0                _lseek
 .text.MX_DMA_Init
                0x000000000800aaf4       0x58 build/dma.o
                0x000000000800aaf4                MX_DMA_Init
 .text.Reset_Handler
                0x000000000800ab4c       0x50 build/startup_stm32g474xx.o
                0x000000000800ab4c                Reset_Handler
 .text.Default_Handler
                0x000000000800ab9c        0x2 build/startup_stm32g474xx.o
                0x000000000800ab9c                RTC_Alarm_IRQHandler
                0x000000000800ab9c                EXTI2_IRQHandler
                0x000000000800ab9c                TIM8_TRG_COM_IRQHandler
                0x000000000800ab9c                TIM8_CC_IRQHandler
                0x000000000800ab9c                HRTIM1_Master_IRQHandler
                0x000000000800ab9c                SPI4_IRQHandler
                0x000000000800ab9c                FDCAN3_IT0_IRQHandler
                0x000000000800ab9c                TIM1_CC_IRQHandler
                0x000000000800ab9c                HRTIM1_FLT_IRQHandler
                0x000000000800ab9c                HRTIM1_TIMF_IRQHandler
                0x000000000800ab9c                USB_HP_IRQHandler
                0x000000000800ab9c                CORDIC_IRQHandler
                0x000000000800ab9c                HRTIM1_TIMD_IRQHandler
                0x000000000800ab9c                DMA2_Channel8_IRQHandler
                0x000000000800ab9c                EXTI3_IRQHandler
                0x000000000800ab9c                I2C3_ER_IRQHandler
                0x000000000800ab9c                EXTI0_IRQHandler
                0x000000000800ab9c                I2C2_EV_IRQHandler
                0x000000000800ab9c                FPU_IRQHandler
                0x000000000800ab9c                FDCAN1_IT1_IRQHandler
                0x000000000800ab9c                TIM1_UP_TIM16_IRQHandler
                0x000000000800ab9c                ADC1_2_IRQHandler
                0x000000000800ab9c                HRTIM1_TIME_IRQHandler
                0x000000000800ab9c                SPI1_IRQHandler
                0x000000000800ab9c                HRTIM1_TIMC_IRQHandler
                0x000000000800ab9c                TIM8_UP_IRQHandler
                0x000000000800ab9c                DMA2_Channel2_IRQHandler
                0x000000000800ab9c                DMA1_Channel4_IRQHandler
                0x000000000800ab9c                TIM20_TRG_COM_IRQHandler
                0x000000000800ab9c                USART3_IRQHandler
                0x000000000800ab9c                DMA1_Channel7_IRQHandler
                0x000000000800ab9c                UART5_IRQHandler
                0x000000000800ab9c                ADC3_IRQHandler
                0x000000000800ab9c                TIM4_IRQHandler
                0x000000000800ab9c                DMA2_Channel1_IRQHandler
                0x000000000800ab9c                QUADSPI_IRQHandler
                0x000000000800ab9c                I2C1_EV_IRQHandler
                0x000000000800ab9c                DMA1_Channel6_IRQHandler
                0x000000000800ab9c                UART4_IRQHandler
                0x000000000800ab9c                DMA2_Channel4_IRQHandler
                0x000000000800ab9c                TIM3_IRQHandler
                0x000000000800ab9c                RCC_IRQHandler
                0x000000000800ab9c                TIM20_UP_IRQHandler
                0x000000000800ab9c                Default_Handler
                0x000000000800ab9c                DMA2_Channel7_IRQHandler
                0x000000000800ab9c                RTC_TAMP_LSECSS_IRQHandler
                0x000000000800ab9c                FMAC_IRQHandler
                0x000000000800ab9c                DMA1_Channel8_IRQHandler
                0x000000000800ab9c                HRTIM1_TIMA_IRQHandler
                0x000000000800ab9c                TIM7_DAC_IRQHandler
                0x000000000800ab9c                FDCAN3_IT1_IRQHandler
                0x000000000800ab9c                TIM5_IRQHandler
                0x000000000800ab9c                UCPD1_IRQHandler
                0x000000000800ab9c                I2C3_EV_IRQHandler
                0x000000000800ab9c                RTC_WKUP_IRQHandler
                0x000000000800ab9c                PVD_PVM_IRQHandler
                0x000000000800ab9c                SPI2_IRQHandler
                0x000000000800ab9c                ADC5_IRQHandler
                0x000000000800ab9c                DMA2_Channel5_IRQHandler
                0x000000000800ab9c                CRS_IRQHandler
                0x000000000800ab9c                DMA1_Channel5_IRQHandler
                0x000000000800ab9c                EXTI4_IRQHandler
                0x000000000800ab9c                RNG_IRQHandler
                0x000000000800ab9c                HRTIM1_TIMB_IRQHandler
                0x000000000800ab9c                TIM1_TRG_COM_TIM17_IRQHandler
                0x000000000800ab9c                FDCAN2_IT1_IRQHandler
                0x000000000800ab9c                DMA1_Channel3_IRQHandler
                0x000000000800ab9c                ADC4_IRQHandler
                0x000000000800ab9c                WWDG_IRQHandler
                0x000000000800ab9c                I2C4_EV_IRQHandler
                0x000000000800ab9c                FDCAN2_IT0_IRQHandler
                0x000000000800ab9c                LPUART1_IRQHandler
                0x000000000800ab9c                DMA2_Channel6_IRQHandler
                0x000000000800ab9c                FDCAN1_IT0_IRQHandler
                0x000000000800ab9c                TIM2_IRQHandler
                0x000000000800ab9c                COMP7_IRQHandler
                0x000000000800ab9c                COMP1_2_3_IRQHandler
                0x000000000800ab9c                EXTI1_IRQHandler
                0x000000000800ab9c                USART2_IRQHandler
                0x000000000800ab9c                COMP4_5_6_IRQHandler
                0x000000000800ab9c                TIM20_BRK_IRQHandler
                0x000000000800ab9c                I2C2_ER_IRQHandler
                0x000000000800ab9c                TIM8_BRK_IRQHandler
                0x000000000800ab9c                FLASH_IRQHandler
                0x000000000800ab9c                TIM20_CC_IRQHandler
                0x000000000800ab9c                USART1_IRQHandler
                0x000000000800ab9c                SPI3_IRQHandler
                0x000000000800ab9c                I2C1_ER_IRQHandler
                0x000000000800ab9c                FMC_IRQHandler
                0x000000000800ab9c                LPTIM1_IRQHandler
                0x000000000800ab9c                DMAMUX_OVR_IRQHandler
                0x000000000800ab9c                I2C4_ER_IRQHandler
                0x000000000800ab9c                USBWakeUp_IRQHandler
                0x000000000800ab9c                SAI1_IRQHandler
                0x000000000800ab9c                DMA2_Channel3_IRQHandler
                0x000000000800ab9c                TIM1_BRK_TIM15_IRQHandler
 *fill*         0x000000000800ab9e        0x2 
 .text.__errno  0x000000000800aba0        0xc /usr/share/gcc-arm-none-eabi-10.3-2021.10/bin/../lib/gcc/arm-none-eabi/10.3.1/../../../../arm-none-eabi/lib/thumb/v7e-m+fp/hard/libc_nano.a(lib_a-errno.o)
                0x000000000800aba0                __errno
 .text.__libc_init_array
                0x000000000800abac       0x48 /usr/share/gcc-arm-none-eabi-10.3-2021.10/bin/../lib/gcc/arm-none-eabi/10.3.1/../../../../arm-none-eabi/lib/thumb/v7e-m+fp/hard/libc_nano.a(lib_a-init.o)
                0x000000000800abac                __libc_init_array
 .text.memset   0x000000000800abf4       0x10 /usr/share/gcc-arm-none-eabi-10.3-2021.10/bin/../lib/gcc/arm-none-eabi/10.3.1/../../../../arm-none-eabi/lib/thumb/v7e-m+fp/hard/libc_nano.a(lib_a-memset.o)
                0x000000000800abf4                memset
 .text.setvbuf  0x000000000800ac04      0x18c /usr/share/gcc-arm-none-eabi-10.3-2021.10/bin/../lib/gcc/arm-none-eabi/10.3.1/../../../../arm-none-eabi/lib/thumb/v7e-m+fp/hard/libc_nano.a(lib_a-setvbuf.o)
                0x000000000800ac04                setvbuf
 .text.sprintf  0x000000000800ad90       0x40 /usr/share/gcc-arm-none-eabi-10.3-2021.10/bin/../lib/gcc/arm-none-eabi/10.3.1/../../../../arm-none-eabi/lib/thumb/v7e-m+fp/hard/libc_nano.a(lib_a-sprintf.o)
                0x000000000800ad90                sprintf
                0x000000000800ad90                siprintf
 .text.__sflush_r
                0x000000000800add0      0x10c /usr/share/gcc-arm-none-eabi-10.3-2021.10/bin/../lib/gcc/arm-none-eabi/10.3.1/../../../../arm-none-eabi/lib/thumb/v7e-m+fp/hard/libc_nano.a(lib_a-fflush.o)
                0x000000000800add0                __sflush_r
 .text._fflush_r
                0x000000000800aedc       0x78 /usr/share/gcc-arm-none-eabi-10.3-2021.10/bin/../lib/gcc/arm-none-eabi/10.3.1/../../../../arm-none-eabi/lib/thumb/v7e-m+fp/hard/libc_nano.a(lib_a-fflush.o)
                0x000000000800aedc                _fflush_r
 .text.std      0x000000000800af54       0x48 /usr/share/gcc-arm-none-eabi-10.3-2021.10/bin/../lib/gcc/arm-none-eabi/10.3.1/../../../../arm-none-eabi/lib/thumb/v7e-m+fp/hard/libc_nano.a(lib_a-findfp.o)
 .text._cleanup_r
                0x000000000800af9c        0xc /usr/share/gcc-arm-none-eabi-10.3-2021.10/bin/../lib/gcc/arm-none-eabi/10.3.1/../../../../arm-none-eabi/lib/thumb/v7e-m+fp/hard/libc_nano.a(lib_a-findfp.o)
                0x000000000800af9c                _cleanup_r
 .text.__sfmoreglue
                0x000000000800afa8       0x2c /usr/share/gcc-arm-none-eabi-10.3-2021.10/bin/../lib/gcc/arm-none-eabi/10.3.1/../../../../arm-none-eabi/lib/thumb/v7e-m+fp/hard/libc_nano.a(lib_a-findfp.o)
                0x000000000800afa8                __sfmoreglue
 .text.__sfp_lock_acquire
                0x000000000800afd4        0xc /usr/share/gcc-arm-none-eabi-10.3-2021.10/bin/../lib/gcc/arm-none-eabi/10.3.1/../../../../arm-none-eabi/lib/thumb/v7e-m+fp/hard/libc_nano.a(lib_a-findfp.o)
                0x000000000800afd4                __sfp_lock_acquire
 .text.__sfp_lock_release
                0x000000000800afe0        0xc /usr/share/gcc-arm-none-eabi-10.3-2021.10/bin/../lib/gcc/arm-none-eabi/10.3.1/../../../../arm-none-eabi/lib/thumb/v7e-m+fp/hard/libc_nano.a(lib_a-findfp.o)
                0x000000000800afe0                __sfp_lock_release
 .text.__sinit_lock_acquire
                0x000000000800afec        0xc /usr/share/gcc-arm-none-eabi-10.3-2021.10/bin/../lib/gcc/arm-none-eabi/10.3.1/../../../../arm-none-eabi/lib/thumb/v7e-m+fp/hard/libc_nano.a(lib_a-findfp.o)
                0x000000000800afec                __sinit_lock_acquire
 .text.__sinit_lock_release
                0x000000000800aff8        0xc /usr/share/gcc-arm-none-eabi-10.3-2021.10/bin/../lib/gcc/arm-none-eabi/10.3.1/../../../../arm-none-eabi/lib/thumb/v7e-m+fp/hard/libc_nano.a(lib_a-findfp.o)
                0x000000000800aff8                __sinit_lock_release
 .text.__sinit  0x000000000800b004       0x70 /usr/share/gcc-arm-none-eabi-10.3-2021.10/bin/../lib/gcc/arm-none-eabi/10.3.1/../../../../arm-none-eabi/lib/thumb/v7e-m+fp/hard/libc_nano.a(lib_a-findfp.o)
                0x000000000800b004                __sinit
 .text.__sfp    0x000000000800b074       0x8c /usr/share/gcc-arm-none-eabi-10.3-2021.10/bin/../lib/gcc/arm-none-eabi/10.3.1/../../../../arm-none-eabi/lib/thumb/v7e-m+fp/hard/libc_nano.a(lib_a-findfp.o)
                0x000000000800b074                __sfp
 .text._fwalk_reent
                0x000000000800b100       0x3e /usr/share/gcc-arm-none-eabi-10.3-2021.10/bin/../lib/gcc/arm-none-eabi/10.3.1/../../../../arm-none-eabi/lib/thumb/v7e-m+fp/hard/libc_nano.a(lib_a-fwalk.o)
                0x000000000800b100                _fwalk_reent
 .text.__retarget_lock_init_recursive
                0x000000000800b13e        0x2 /usr/share/gcc-arm-none-eabi-10.3-2021.10/bin/../lib/gcc/arm-none-eabi/10.3.1/../../../../arm-none-eabi/lib/thumb/v7e-m+fp/hard/libc_nano.a(lib_a-lock.o)
                0x000000000800b13e                __retarget_lock_init_recursive
 .text.__retarget_lock_acquire_recursive
                0x000000000800b140        0x2 /usr/share/gcc-arm-none-eabi-10.3-2021.10/bin/../lib/gcc/arm-none-eabi/10.3.1/../../../../arm-none-eabi/lib/thumb/v7e-m+fp/hard/libc_nano.a(lib_a-lock.o)
                0x000000000800b140                __retarget_lock_acquire_recursive
 .text.__retarget_lock_release_recursive
                0x000000000800b142        0x2 /usr/share/gcc-arm-none-eabi-10.3-2021.10/bin/../lib/gcc/arm-none-eabi/10.3.1/../../../../arm-none-eabi/lib/thumb/v7e-m+fp/hard/libc_nano.a(lib_a-lock.o)
                0x000000000800b142                __retarget_lock_release_recursive
 .text.__swhatbuf_r
                0x000000000800b144       0x4a /usr/share/gcc-arm-none-eabi-10.3-2021.10/bin/../lib/gcc/arm-none-eabi/10.3.1/../../../../arm-none-eabi/lib/thumb/v7e-m+fp/hard/libc_nano.a(lib_a-makebuf.o)
                0x000000000800b144                __swhatbuf_r
 *fill*         0x000000000800b18e        0x2 
 .text.malloc   0x000000000800b190       0x10 /usr/share/gcc-arm-none-eabi-10.3-2021.10/bin/../lib/gcc/arm-none-eabi/10.3.1/../../../../arm-none-eabi/lib/thumb/v7e-m+fp/hard/libc_nano.a(lib_a-malloc.o)
                0x000000000800b190                malloc
 .text._free_r  0x000000000800b1a0       0x98 /usr/share/gcc-arm-none-eabi-10.3-2021.10/bin/../lib/gcc/arm-none-eabi/10.3.1/../../../../arm-none-eabi/lib/thumb/v7e-m+fp/hard/libc_nano.a(lib_a-nano-freer.o)
                0x000000000800b1a0                _free_r
 .text.sbrk_aligned
                0x000000000800b238       0x40 /usr/share/gcc-arm-none-eabi-10.3-2021.10/bin/../lib/gcc/arm-none-eabi/10.3.1/../../../../arm-none-eabi/lib/thumb/v7e-m+fp/hard/libc_nano.a(lib_a-nano-mallocr.o)
 .text._malloc_r
                0x000000000800b278       0xe8 /usr/share/gcc-arm-none-eabi-10.3-2021.10/bin/../lib/gcc/arm-none-eabi/10.3.1/../../../../arm-none-eabi/lib/thumb/v7e-m+fp/hard/libc_nano.a(lib_a-nano-mallocr.o)
                0x000000000800b278                _malloc_r
 .text.__ssputs_r
                0x000000000800b360       0xb6 /usr/share/gcc-arm-none-eabi-10.3-2021.10/bin/../lib/gcc/arm-none-eabi/10.3.1/../../../../arm-none-eabi/lib/thumb/v7e-m+fp/hard/libc_nano.a(lib_a-nano-svfprintf.o)
                0x000000000800b360                __ssputs_r
 *fill*         0x000000000800b416        0x2 
 .text._svfprintf_r
                0x000000000800b418      0x200 /usr/share/gcc-arm-none-eabi-10.3-2021.10/bin/../lib/gcc/arm-none-eabi/10.3.1/../../../../arm-none-eabi/lib/thumb/v7e-m+fp/hard/libc_nano.a(lib_a-nano-svfprintf.o)
                0x000000000800b418                _svfprintf_r
                0x000000000800b418                _svfiprintf_r
 .text._printf_common
                0x000000000800b618       0xda /usr/share/gcc-arm-none-eabi-10.3-2021.10/bin/../lib/gcc/arm-none-eabi/10.3.1/../../../../arm-none-eabi/lib/thumb/v7e-m+fp/hard/libc_nano.a(lib_a-nano-vfprintf_i.o)
                0x000000000800b618                _printf_common
 *fill*         0x000000000800b6f2        0x2 
 .text._printf_i
                0x000000000800b6f4      0x24c /usr/share/gcc-arm-none-eabi-10.3-2021.10/bin/../lib/gcc/arm-none-eabi/10.3.1/../../../../arm-none-eabi/lib/thumb/v7e-m+fp/hard/libc_nano.a(lib_a-nano-vfprintf_i.o)
                0x000000000800b6f4                _printf_i
 .text._sbrk_r  0x000000000800b940       0x20 /usr/share/gcc-arm-none-eabi-10.3-2021.10/bin/../lib/gcc/arm-none-eabi/10.3.1/../../../../arm-none-eabi/lib/thumb/v7e-m+fp/hard/libc_nano.a(lib_a-sbrkr.o)
                0x000000000800b940                _sbrk_r
 .text.__sread  0x000000000800b960       0x22 /usr/share/gcc-arm-none-eabi-10.3-2021.10/bin/../lib/gcc/arm-none-eabi/10.3.1/../../../../arm-none-eabi/lib/thumb/v7e-m+fp/hard/libc_nano.a(lib_a-stdio.o)
                0x000000000800b960                __sread
 .text.__swrite
                0x000000000800b982       0x38 /usr/share/gcc-arm-none-eabi-10.3-2021.10/bin/../lib/gcc/arm-none-eabi/10.3.1/../../../../arm-none-eabi/lib/thumb/v7e-m+fp/hard/libc_nano.a(lib_a-stdio.o)
                0x000000000800b982                __swrite
 .text.__sseek  0x000000000800b9ba       0x24 /usr/share/gcc-arm-none-eabi-10.3-2021.10/bin/../lib/gcc/arm-none-eabi/10.3.1/../../../../arm-none-eabi/lib/thumb/v7e-m+fp/hard/libc_nano.a(lib_a-stdio.o)
                0x000000000800b9ba                __sseek
 .text.__sclose
                0x000000000800b9de        0x8 /usr/share/gcc-arm-none-eabi-10.3-2021.10/bin/../lib/gcc/arm-none-eabi/10.3.1/../../../../arm-none-eabi/lib/thumb/v7e-m+fp/hard/libc_nano.a(lib_a-stdio.o)
                0x000000000800b9de                __sclose
 *fill*         0x000000000800b9e6        0x2 
 .text._write_r
                0x000000000800b9e8       0x24 /usr/share/gcc-arm-none-eabi-10.3-2021.10/bin/../lib/gcc/arm-none-eabi/10.3.1/../../../../arm-none-eabi/lib/thumb/v7e-m+fp/hard/libc_nano.a(lib_a-writer.o)
                0x000000000800b9e8                _write_r
 .text._close_r
                0x000000000800ba0c       0x20 /usr/share/gcc-arm-none-eabi-10.3-2021.10/bin/../lib/gcc/arm-none-eabi/10.3.1/../../../../arm-none-eabi/lib/thumb/v7e-m+fp/hard/libc_nano.a(lib_a-closer.o)
                0x000000000800ba0c                _close_r
 .text._fstat_r
                0x000000000800ba2c       0x24 /usr/share/gcc-arm-none-eabi-10.3-2021.10/bin/../lib/gcc/arm-none-eabi/10.3.1/../../../../arm-none-eabi/lib/thumb/v7e-m+fp/hard/libc_nano.a(lib_a-fstatr.o)
                0x000000000800ba2c                _fstat_r
 .text._lseek_r
                0x000000000800ba50       0x24 /usr/share/gcc-arm-none-eabi-10.3-2021.10/bin/../lib/gcc/arm-none-eabi/10.3.1/../../../../arm-none-eabi/lib/thumb/v7e-m+fp/hard/libc_nano.a(lib_a-lseekr.o)
                0x000000000800ba50                _lseek_r
 .text.memcpy   0x000000000800ba74       0x1c /usr/share/gcc-arm-none-eabi-10.3-2021.10/bin/../lib/gcc/arm-none-eabi/10.3.1/../../../../arm-none-eabi/lib/thumb/v7e-m+fp/hard/libc_nano.a(lib_a-memcpy-stub.o)
                0x000000000800ba74                memcpy
 .text.memmove  0x000000000800ba90       0x34 /usr/share/gcc-arm-none-eabi-10.3-2021.10/bin/../lib/gcc/arm-none-eabi/10.3.1/../../../../arm-none-eabi/lib/thumb/v7e-m+fp/hard/libc_nano.a(lib_a-memmove.o)
                0x000000000800ba90                memmove
 .text.__malloc_lock
                0x000000000800bac4        0xc /usr/share/gcc-arm-none-eabi-10.3-2021.10/bin/../lib/gcc/arm-none-eabi/10.3.1/../../../../arm-none-eabi/lib/thumb/v7e-m+fp/hard/libc_nano.a(lib_a-mlock.o)
                0x000000000800bac4                __malloc_lock
 .text.__malloc_unlock
                0x000000000800bad0        0xc /usr/share/gcc-arm-none-eabi-10.3-2021.10/bin/../lib/gcc/arm-none-eabi/10.3.1/../../../../arm-none-eabi/lib/thumb/v7e-m+fp/hard/libc_nano.a(lib_a-mlock.o)
                0x000000000800bad0                __malloc_unlock
 .text._realloc_r
                0x000000000800badc       0x5e /usr/share/gcc-arm-none-eabi-10.3-2021.10/bin/../lib/gcc/arm-none-eabi/10.3.1/../../../../arm-none-eabi/lib/thumb/v7e-m+fp/hard/libc_nano.a(lib_a-nano-reallocr.o)
                0x000000000800badc                _realloc_r
 *fill*         0x000000000800bb3a        0x2 
 .text._read_r  0x000000000800bb3c       0x24 /usr/share/gcc-arm-none-eabi-10.3-2021.10/bin/../lib/gcc/arm-none-eabi/10.3.1/../../../../arm-none-eabi/lib/thumb/v7e-m+fp/hard/libc_nano.a(lib_a-readr.o)
                0x000000000800bb3c                _read_r
 .text._malloc_usable_size_r
                0x000000000800bb60       0x10 /usr/share/gcc-arm-none-eabi-10.3-2021.10/bin/../lib/gcc/arm-none-eabi/10.3.1/../../../../arm-none-eabi/lib/thumb/v7e-m+fp/hard/libc_nano.a(lib_a-nano-msizer.o)
                0x000000000800bb60                _malloc_usable_size_r
 *(.glue_7)
 .glue_7        0x000000000800bb70        0x0 linker stubs
 *(.glue_7t)
 .glue_7t       0x000000000800bb70        0x0 linker stubs
 *(.eh_frame)
 .eh_frame      0x000000000800bb70        0x0 /usr/share/gcc-arm-none-eabi-10.3-2021.10/bin/../lib/gcc/arm-none-eabi/10.3.1/thumb/v7e-m+fp/hard/crtbegin.o
 *(.init)
 .init          0x000000000800bb70        0x4 /usr/share/gcc-arm-none-eabi-10.3-2021.10/bin/../lib/gcc/arm-none-eabi/10.3.1/thumb/v7e-m+fp/hard/crti.o
                0x000000000800bb70                _init
 .init          0x000000000800bb74        0x8 /usr/share/gcc-arm-none-eabi-10.3-2021.10/bin/../lib/gcc/arm-none-eabi/10.3.1/thumb/v7e-m+fp/hard/crtn.o
 *(.fini)
 .fini          0x000000000800bb7c        0x4 /usr/share/gcc-arm-none-eabi-10.3-2021.10/bin/../lib/gcc/arm-none-eabi/10.3.1/thumb/v7e-m+fp/hard/crti.o
                0x000000000800bb7c                _fini
 .fini          0x000000000800bb80        0x8 /usr/share/gcc-arm-none-eabi-10.3-2021.10/bin/../lib/gcc/arm-none-eabi/10.3.1/thumb/v7e-m+fp/hard/crtn.o
                0x000000000800bb88                . = ALIGN (0x4)
                0x000000000800bb88                _etext = .

.vfp11_veneer   0x000000000800bb88        0x0
 .vfp11_veneer  0x000000000800bb88        0x0 linker stubs

.v4_bx          0x000000000800bb88        0x0
 .v4_bx         0x000000000800bb88        0x0 linker stubs

.iplt           0x000000000800bb88        0x0
 .iplt          0x000000000800bb88        0x0 /usr/share/gcc-arm-none-eabi-10.3-2021.10/bin/../lib/gcc/arm-none-eabi/10.3.1/thumb/v7e-m+fp/hard/crtbegin.o

.rodata         0x000000000800bb88    0x10228
                0x000000000800bb88                . = ALIGN (0x4)
 *(.rodata)
 *(.rodata*)
 .rodata.DrawStartScreen.str1.4
                0x000000000800bb88       0x43 build/main.o
 *fill*         0x000000000800bbcb        0x1 
 .rodata.DrawGameOverScreen.str1.4
                0x000000000800bbcc       0x2e build/main.o
 *fill*         0x000000000800bbfa        0x2 
 .rodata.USBD_CDC_ProductStrDescriptor.str1.4
                0x000000000800bbfc       0x16 build/usbd_desc.o
 *fill*         0x000000000800bc12        0x2 
 .rodata.USBD_CDC_ManufacturerStrDescriptor.str1.4
                0x000000000800bc14       0x13 build/usbd_desc.o
 *fill*         0x000000000800bc27        0x1 
 .rodata.USBD_CDC_ConfigStrDescriptor.str1.4
                0x000000000800bc28        0xb build/usbd_desc.o
 *fill*         0x000000000800bc33        0x1 
 .rodata.USBD_CDC_InterfaceStrDescriptor.str1.4
                0x000000000800bc34        0xe build/usbd_desc.o
 *fill*         0x000000000800bc42        0x2 
 .rodata.orientations
                0x000000000800bc44       0x10 build/lcd_ili9341.o
 .rodata.FONT_12X16
                0x000000000800bc54       0x1c build/ugui.o
                0x000000000800bc54                FONT_12X16
 .rodata.FONT_32X53
                0x000000000800bc70       0x1c build/ugui.o
                0x000000000800bc70                FONT_32X53
 .rodata.FONT_8X12
                0x000000000800bc8c       0x1c build/ugui.o
                0x000000000800bc8c                FONT_8X12
 .rodata.font_12x16
                0x000000000800bca8     0x2000 build/ugui.o
                0x000000000800bca8                font_12x16
 .rodata.font_32x53
                0x000000000800dca8     0xd400 build/ugui.o
                0x000000000800dca8                font_32x53
 .rodata.font_8x12
                0x000000000801b0a8      0xc00 build/ugui.o
                0x000000000801b0a8                font_8x12
 .rodata.UARTPrescTable
                0x000000000801bca8       0x18 build/stm32g4xx_hal_uart.o
                0x000000000801bca8                UARTPrescTable
 .rodata.denominator.0
                0x000000000801bcc0        0x8 build/stm32g4xx_hal_uart_ex.o
 .rodata.numerator.1
                0x000000000801bcc8        0x8 build/stm32g4xx_hal_uart_ex.o
 .rodata.USART_PRESCALER_TAB
                0x000000000801bcd0       0x30 build/stm32g4xx_ll_usart.o
 .rodata.AHBPrescTable
                0x000000000801bd00       0x10 build/system_stm32g4xx.o
                0x000000000801bd00                AHBPrescTable
 .rodata.APBPrescTable
                0x000000000801bd10        0x8 build/system_stm32g4xx.o
                0x000000000801bd10                APBPrescTable
 .rodata._global_impure_ptr
                0x000000000801bd18        0x4 /usr/share/gcc-arm-none-eabi-10.3-2021.10/bin/../lib/gcc/arm-none-eabi/10.3.1/../../../../arm-none-eabi/lib/thumb/v7e-m+fp/hard/libc_nano.a(lib_a-impure.o)
                0x000000000801bd18                _global_impure_ptr
 .rodata.__sf_fake_stderr
                0x000000000801bd1c       0x20 /usr/share/gcc-arm-none-eabi-10.3-2021.10/bin/../lib/gcc/arm-none-eabi/10.3.1/../../../../arm-none-eabi/lib/thumb/v7e-m+fp/hard/libc_nano.a(lib_a-findfp.o)
                0x000000000801bd1c                __sf_fake_stderr
 .rodata.__sf_fake_stdin
                0x000000000801bd3c       0x20 /usr/share/gcc-arm-none-eabi-10.3-2021.10/bin/../lib/gcc/arm-none-eabi/10.3.1/../../../../arm-none-eabi/lib/thumb/v7e-m+fp/hard/libc_nano.a(lib_a-findfp.o)
                0x000000000801bd3c                __sf_fake_stdin
 .rodata.__sf_fake_stdout
                0x000000000801bd5c       0x20 /usr/share/gcc-arm-none-eabi-10.3-2021.10/bin/../lib/gcc/arm-none-eabi/10.3.1/../../../../arm-none-eabi/lib/thumb/v7e-m+fp/hard/libc_nano.a(lib_a-findfp.o)
                0x000000000801bd5c                __sf_fake_stdout
 .rodata._svfprintf_r.str1.1
                0x000000000801bd7c       0x11 /usr/share/gcc-arm-none-eabi-10.3-2021.10/bin/../lib/gcc/arm-none-eabi/10.3.1/../../../../arm-none-eabi/lib/thumb/v7e-m+fp/hard/libc_nano.a(lib_a-nano-svfprintf.o)
 .rodata._printf_i.str1.1
                0x000000000801bd8d       0x22 /usr/share/gcc-arm-none-eabi-10.3-2021.10/bin/../lib/gcc/arm-none-eabi/10.3.1/../../../../arm-none-eabi/lib/thumb/v7e-m+fp/hard/libc_nano.a(lib_a-nano-vfprintf_i.o)
                0x000000000801bdb0                . = ALIGN (0x4)
 *fill*         0x000000000801bdaf        0x1 

.ARM.extab
 *(.ARM.extab* .gnu.linkonce.armextab.*)

.ARM            0x000000000801bdb0        0x8
                0x000000000801bdb0                __exidx_start = .
 *(.ARM.exidx*)
 .ARM.exidx     0x000000000801bdb0        0x8 /usr/share/gcc-arm-none-eabi-10.3-2021.10/bin/../lib/gcc/arm-none-eabi/10.3.1/thumb/v7e-m+fp/hard/libgcc.a(_udivmoddi4.o)
                0x000000000801bdb8                __exidx_end = .

.rel.dyn        0x000000000801bdb8        0x0
 .rel.iplt      0x000000000801bdb8        0x0 /usr/share/gcc-arm-none-eabi-10.3-2021.10/bin/../lib/gcc/arm-none-eabi/10.3.1/thumb/v7e-m+fp/hard/crtbegin.o

.preinit_array  0x000000000801bdb8        0x0
                0x000000000801bdb8                PROVIDE (__preinit_array_start = .)
 *(.preinit_array*)
                0x000000000801bdb8                PROVIDE (__preinit_array_end = .)

.init_array     0x000000000801bdb8        0x4
                0x000000000801bdb8                PROVIDE (__init_array_start = .)
 *(SORT_BY_NAME(.init_array.*))
 *(.init_array*)
 .init_array    0x000000000801bdb8        0x4 /usr/share/gcc-arm-none-eabi-10.3-2021.10/bin/../lib/gcc/arm-none-eabi/10.3.1/thumb/v7e-m+fp/hard/crtbegin.o
                0x000000000801bdbc                PROVIDE (__init_array_end = .)

.fini_array     0x000000000801bdbc        0x4
                [!provide]                        PROVIDE (__fini_array_start = .)
 *(SORT_BY_NAME(.fini_array.*))
 *(.fini_array*)
 .fini_array    0x000000000801bdbc        0x4 /usr/share/gcc-arm-none-eabi-10.3-2021.10/bin/../lib/gcc/arm-none-eabi/10.3.1/thumb/v7e-m+fp/hard/crtbegin.o
                [!provide]                        PROVIDE (__fini_array_end = .)
                0x000000000801bdc0                _sidata = LOADADDR (.data)

.data           0x0000000020000000      0x3ec load address 0x000000000801bdc0
                0x0000000020000000                . = ALIGN (0x4)
                0x0000000020000000                _sdata = .
 *(.data)
 *(.data*)
 .data.down     0x0000000020000000        0xc build/main.o
                0x0000000020000000                down
 .data.esc      0x000000002000000c        0xc build/main.o
                0x000000002000000c                esc
 .data.left     0x0000000020000018        0xc build/main.o
                0x0000000020000018                left
 .data.p_x      0x0000000020000024        0x2 build/main.o
                0x0000000020000024                p_x
 .data.p_y      0x0000000020000026        0x2 build/main.o
                0x0000000020000026                p_y
 .data.right    0x0000000020000028        0xc build/main.o
                0x0000000020000028                right
 .data.seed     0x0000000020000034        0x4 build/main.o
                0x0000000020000034                seed
 .data.up       0x0000000020000038        0xc build/main.o
                0x0000000020000038                up
 .data.tetrominoShapes
                0x0000000020000044      0x1c0 build/tetromino.o
                0x0000000020000044                tetrominoShapes
 .data.CDC_Desc
                0x0000000020000204       0x20 build/usbd_desc.o
                0x0000000020000204                CDC_Desc
 .data.USBD_CDC_DeviceDesc
                0x0000000020000224       0x12 build/usbd_desc.o
                0x0000000020000224                USBD_CDC_DeviceDesc
 *fill*         0x0000000020000236        0x2 
 .data.USBD_LangIDDesc
                0x0000000020000238        0x4 build/usbd_desc.o
                0x0000000020000238                USBD_LangIDDesc
 .data.USBD_StringSerial
                0x000000002000023c       0x1a build/usbd_desc.o
                0x000000002000023c                USBD_StringSerial
 *fill*         0x0000000020000256        0x2 
 .data.USBD_Interface_fops_FS
                0x0000000020000258       0x14 build/usbd_cdc_if.o
                0x0000000020000258                USBD_Interface_fops_FS
 .data.uwTickFreq
                0x000000002000026c        0x4 build/stm32g4xx_hal.o
                0x000000002000026c                uwTickFreq
 .data.uwTickPrio
                0x0000000020000270        0x4 build/stm32g4xx_hal.o
                0x0000000020000270                uwTickPrio
 .data.SystemCoreClock
                0x0000000020000274        0x4 build/system_stm32g4xx.o
                0x0000000020000274                SystemCoreClock
 .data.USBD_CDC
                0x0000000020000278       0x38 build/usbd_cdc.o
                0x0000000020000278                USBD_CDC
 .data.USBD_CDC_CfgFSDesc
                0x00000000200002b0       0x43 build/usbd_cdc.o
 *fill*         0x00000000200002f3        0x1 
 .data.USBD_CDC_CfgHSDesc
                0x00000000200002f4       0x43 build/usbd_cdc.o
 *fill*         0x0000000020000337        0x1 
 .data.USBD_CDC_DeviceQualifierDesc
                0x0000000020000338        0xa build/usbd_cdc.o
 *fill*         0x0000000020000342        0x2 
 .data.USBD_CDC_OtherSpeedCfgDesc
                0x0000000020000344       0x43 build/usbd_cdc.o
 *fill*         0x0000000020000387        0x1 
 .data._impure_ptr
                0x0000000020000388        0x4 /usr/share/gcc-arm-none-eabi-10.3-2021.10/bin/../lib/gcc/arm-none-eabi/10.3.1/../../../../arm-none-eabi/lib/thumb/v7e-m+fp/hard/libc_nano.a(lib_a-impure.o)
                0x0000000020000388                _impure_ptr
 .data.impure_data
                0x000000002000038c       0x60 /usr/share/gcc-arm-none-eabi-10.3-2021.10/bin/../lib/gcc/arm-none-eabi/10.3.1/../../../../arm-none-eabi/lib/thumb/v7e-m+fp/hard/libc_nano.a(lib_a-impure.o)
                0x00000000200003ec                . = ALIGN (0x4)
                0x00000000200003ec                _edata = .

.igot.plt       0x00000000200003ec        0x0 load address 0x000000000801c1ac
 .igot.plt      0x00000000200003ec        0x0 /usr/share/gcc-arm-none-eabi-10.3-2021.10/bin/../lib/gcc/arm-none-eabi/10.3.1/thumb/v7e-m+fp/hard/crtbegin.o
                0x00000000200003ec                . = ALIGN (0x4)

.bss            0x00000000200003ec     0x2e70 load address 0x000000000801c1ac
                0x00000000200003ec                _sbss = .
                0x00000000200003ec                __bss_start__ = _sbss
 *(.bss)
 .bss           0x00000000200003ec       0x1c /usr/share/gcc-arm-none-eabi-10.3-2021.10/bin/../lib/gcc/arm-none-eabi/10.3.1/thumb/v7e-m+fp/hard/crtbegin.o
 *(.bss*)
 .bss.fieldArray
                0x0000000020000408      0x6a4 build/main.o
                0x0000000020000408                fieldArray
 .bss.fullRow   0x0000000020000aac       0x60 build/main.o
                0x0000000020000aac                fullRow
 .bss.gui       0x0000000020000b0c       0x8c build/main.o
                0x0000000020000b0c                gui
 .bss.joystick  0x0000000020000b98       0x28 build/main.o
                0x0000000020000b98                joystick
 .bss.joystick_out
                0x0000000020000bc0        0x8 build/main.o
                0x0000000020000bc0                joystick_out
 .bss.joystick_raw
                0x0000000020000bc8        0x8 build/main.o
                0x0000000020000bc8                joystick_raw
 .bss.ok        0x0000000020000bd0        0xc build/main.o
                0x0000000020000bd0                ok
 .bss.rotations
                0x0000000020000bdc        0x4 build/main.o
                0x0000000020000bdc                rotations
 .bss.score     0x0000000020000be0        0x4 build/main.o
                0x0000000020000be0                score
 .bss.HAL_RCC_ADC12_CLK_ENABLED
                0x0000000020000be4        0x4 build/adc.o
 .bss.HAL_RCC_ADC345_CLK_ENABLED
                0x0000000020000be8        0x4 build/adc.o
 .bss.hadc1     0x0000000020000bec       0x6c build/adc.o
                0x0000000020000bec                hadc1
 .bss.hadc2     0x0000000020000c58       0x6c build/adc.o
                0x0000000020000c58                hadc2
 .bss.hadc3     0x0000000020000cc4       0x6c build/adc.o
                0x0000000020000cc4                hadc3
 .bss.hadc4     0x0000000020000d30       0x6c build/adc.o
                0x0000000020000d30                hadc4
 .bss.hcrc      0x0000000020000d9c       0x24 build/crc.o
                0x0000000020000d9c                hcrc
 .bss.hdac1     0x0000000020000dc0       0x14 build/dac.o
                0x0000000020000dc0                hdac1
 .bss.hdac2     0x0000000020000dd4       0x14 build/dac.o
                0x0000000020000dd4                hdac2
 .bss.hfdcan2   0x0000000020000de8       0x64 build/fdcan.o
                0x0000000020000de8                hfdcan2
 .bss.FMC_Initialized
                0x0000000020000e4c        0x4 build/fmc.o
 .bss.hsram1    0x0000000020000e50       0x58 build/fmc.o
                0x0000000020000e50                hsram1
 .bss.hi2c1     0x0000000020000ea8       0x4c build/i2c.o
                0x0000000020000ea8                hi2c1
 .bss.hi2c2     0x0000000020000ef4       0x4c build/i2c.o
                0x0000000020000ef4                hi2c2
 .bss.hqspi1    0x0000000020000f40       0x4c build/quadspi.o
                0x0000000020000f40                hqspi1
 .bss.hspi1     0x0000000020000f8c       0x64 build/spi.o
                0x0000000020000f8c                hspi1
 .bss.htim15    0x0000000020000ff0       0x4c build/tim.o
                0x0000000020000ff0                htim15
 .bss.htim20    0x000000002000103c       0x4c build/tim.o
                0x000000002000103c                htim20
 .bss.htim5     0x0000000020001088       0x4c build/tim.o
                0x0000000020001088                htim5
 .bss.htim8     0x00000000200010d4       0x4c build/tim.o
                0x00000000200010d4                htim8
 .bss.huart2    0x0000000020001120       0x90 build/usart.o
                0x0000000020001120                huart2
 .bss.huart3    0x00000000200011b0       0x90 build/usart.o
                0x00000000200011b0                huart3
 .bss.huart4    0x0000000020001240       0x90 build/usart.o
                0x0000000020001240                huart4
 .bss.huart5    0x00000000200012d0       0x90 build/usart.o
                0x00000000200012d0                huart5
 .bss.hUsbDeviceFS
                0x0000000020001360      0x2d0 build/usb_device.o
                0x0000000020001360                hUsbDeviceFS
 .bss.USBD_StrDesc
                0x0000000020001630      0x200 build/usbd_desc.o
                0x0000000020001630                USBD_StrDesc
 .bss.UserRxBufferFS
                0x0000000020001830      0x800 build/usbd_cdc_if.o
                0x0000000020001830                UserRxBufferFS
 .bss.UserTxBufferFS
                0x0000000020002030      0x800 build/usbd_cdc_if.o
                0x0000000020002030                UserTxBufferFS
 .bss.hpcd_USB_FS
                0x0000000020002830      0x2f4 build/usbd_conf.o
                0x0000000020002830                hpcd_USB_FS
 .bss.mem.0     0x0000000020002b24      0x220 build/usbd_conf.o
 .bss.kbd_buf_handle
                0x0000000020002d44       0x18 build/kbd.o
                0x0000000020002d44                kbd_buf_handle
 .bss.kbd_buffer
                0x0000000020002d5c       0x20 build/kbd.o
                0x0000000020002d5c                kbd_buffer
 .bss.keyboard  0x0000000020002d7c       0x58 build/kbd.o
                0x0000000020002d7c                keyboard
 .bss.LED_series
                0x0000000020002dd4       0x40 build/LED.o
                0x0000000020002dd4                LED_series
 .bss.SCI       0x0000000020002e14        0x4 build/SCI.o
                0x0000000020002e14                SCI
 .bss.SCI_RX_buf_handle
                0x0000000020002e18       0x18 build/SCI.o
                0x0000000020002e18                SCI_RX_buf_handle
 .bss.SCI_RX_buffer
                0x0000000020002e30      0x1f4 build/SCI.o
                0x0000000020002e30                SCI_RX_buffer
 .bss.SCI_TX_buf_handle
                0x0000000020003024       0x18 build/SCI.o
                0x0000000020003024                SCI_TX_buf_handle
 .bss.SCI_TX_buffer
                0x000000002000303c      0x1f4 build/SCI.o
                0x000000002000303c                SCI_TX_buffer
 .bss.LCD       0x0000000020003230        0xc build/lcd_ili9341.o
 .bss.gui       0x000000002000323c        0x4 build/ugui.o
 .bss.uwTick    0x0000000020003240        0x4 build/stm32g4xx_hal.o
                0x0000000020003240                uwTick
 .bss.cfgidx.0  0x0000000020003244        0x1 build/usbd_ctlreq.o
 *fill*         0x0000000020003245        0x3 
 .bss.__sbrk_heap_end
                0x0000000020003248        0x4 build/sysmem.o
 .bss.__lock___malloc_recursive_mutex
                0x000000002000324c        0x1 /usr/share/gcc-arm-none-eabi-10.3-2021.10/bin/../lib/gcc/arm-none-eabi/10.3.1/../../../../arm-none-eabi/lib/thumb/v7e-m+fp/hard/libc_nano.a(lib_a-lock.o)
                0x000000002000324c                __lock___malloc_recursive_mutex
 .bss.__lock___sfp_recursive_mutex
                0x000000002000324d        0x1 /usr/share/gcc-arm-none-eabi-10.3-2021.10/bin/../lib/gcc/arm-none-eabi/10.3.1/../../../../arm-none-eabi/lib/thumb/v7e-m+fp/hard/libc_nano.a(lib_a-lock.o)
                0x000000002000324d                __lock___sfp_recursive_mutex
 .bss.__lock___sinit_recursive_mutex
                0x000000002000324e        0x1 /usr/share/gcc-arm-none-eabi-10.3-2021.10/bin/../lib/gcc/arm-none-eabi/10.3.1/../../../../arm-none-eabi/lib/thumb/v7e-m+fp/hard/libc_nano.a(lib_a-lock.o)
                0x000000002000324e                __lock___sinit_recursive_mutex
 *fill*         0x000000002000324f        0x1 
 .bss.__malloc_free_list
                0x0000000020003250        0x4 /usr/share/gcc-arm-none-eabi-10.3-2021.10/bin/../lib/gcc/arm-none-eabi/10.3.1/../../../../arm-none-eabi/lib/thumb/v7e-m+fp/hard/libc_nano.a(lib_a-nano-mallocr.o)
                0x0000000020003250                __malloc_free_list
 .bss.__malloc_sbrk_start
                0x0000000020003254        0x4 /usr/share/gcc-arm-none-eabi-10.3-2021.10/bin/../lib/gcc/arm-none-eabi/10.3.1/../../../../arm-none-eabi/lib/thumb/v7e-m+fp/hard/libc_nano.a(lib_a-nano-mallocr.o)
                0x0000000020003254                __malloc_sbrk_start