../Drivers/STM32G4xx_HAL_Driver/Inc/stm32g4xx_ll_usart.h:2992:26:LL_USART_IsActiveFlag_RXNE_RXFNE	16	static
../Drivers/STM32G4xx_HAL_Driver/Inc/stm32g4xx_ll_usart.h:3003:26:LL_USART_IsActiveFlag_TC	16	static
../Drivers/STM32G4xx_HAL_Driver/Inc/stm32g4xx_ll_usart.h:3475:22:LL_USART_EnableIT_RXNE_RXFNE	40	static,ignoring_inline_asm
../Drivers/STM32G4xx_HAL_Driver/Inc/stm32g4xx_ll_usart.h:3486:22:LL_USART_EnableIT_TC	40	static,ignoring_inline_asm
../Drivers/STM32G4xx_HAL_Driver/Inc/stm32g4xx_ll_usart.h:3703:22:LL_USART_DisableIT_TC	40	static,ignoring_inline_asm
../Drivers/STM32G4xx_HAL_Driver/Inc/stm32g4xx_ll_usart.h:4253:25:LL_USART_ReceiveData8	16	static
../Drivers/STM32G4xx_HAL_Driver/Inc/stm32g4xx_ll_usart.h:4276:22:LL_USART_TransmitData8	16	static
../System/SCI.c:91:6:SCI_init	8	static
../System/SCI.c:125:6:SCI_send_char	16	static
../System/SCI.c:137:6:SCI_send_byte	16	static
../System/SCI.c:152:9:SCI_is_data_waiting	8	static
../System/SCI.c:159:5:SCI_read_char	16	static
../System/SCI.c:174:5:SCI_read_byte	16	static
../System/SCI.c:198:6:SCI_send_string	24	static
../System/SCI.c:213:6:SCI_send_bytes	24	static
../System/SCI.c:228:6:SCI_send_string_IT	24	static
../System/SCI.c:262:6:SCI_send_bytes_IT	24	static
../System/SCI.c:306:6:SCI_receive_char_Callback	8	static
../System/SCI.c:314:6:SCI_transmit_char_Callback	16	static
../System/SCI.c:337:6:SCI_demo_Hello_world	48	static
../System/SCI.c:349:6:SCI_demo_echo_with_polling	32	static
../System/SCI.c:385:6:SCI_demo_Hello_world_printf	16	static
../System/SCI.c:404:6:SCI_demo_receive_with_interrupts	16	static
../System/SCI.c:427:6:SCI_demo_transmit_with_interrupts	128	static
../System/SCI.c:447:6:SCI_demo_echo_with_interrupts	512	static
../System/SCI.c:522:5:_write	24	static
